<html>
<body>
<pre>
<h1>礦ision Build Log</h1>
<h2>Tool Versions:</h2>
IDE-Version: μVision V5.24.2.0
Copyright (C) 2017 ARM Ltd and ARM Germany GmbH. All rights reserved.
License Information: 1 1048169881@qq.com, 23, LIC=PE7DL-0KRDP-VEQHA-16VTR-FC8LR-K8JXP
 
Tool Versions:
Toolchain:       MDK-ARM Plus  Version: 5.24.1
Toolchain Path:  F:\Keil5_KMD\ARM\ARMCC\Bin
C Compiler:      Armcc.exe V5.06 update 5 (build 528)
Assembler:       Armasm.exe V5.06 update 5 (build 528)
Linker/Locator:  ArmLink.exe V5.06 update 5 (build 528)
Library Manager: ArmAr.exe V5.06 update 5 (build 528)
Hex Converter:   FromElf.exe V5.06 update 5 (build 528)
CPU DLL:         SARMCM3.DLL V5.24.1
Dialog DLL:      DARMSTM.DLL V1.68.0.0
Target DLL:      UL2CM3.DLL V1.160.3.0
Dialog DLL:      TARMSTM.DLL V1.66.0.0
 
<h2>Project:</h2>
C:\Users\10481\Desktop\点云图建模\激光雷达_舵机控制\USER\ToF.uvprojx
Project File Date:  04/24/2023

<h2>Output:</h2>
*** Using Compiler 'V5.06 update 5 (build 528)', folder: 'F:\Keil5_KMD\ARM\ARMCC\Bin'
Rebuild target 'PWM'
compiling stm32f10x_it.c...
compiling led.c...
compiling timer.c...
compiling key.c...
compiling main.c...
main.c(29): warning:  #177-D: variable "Res"  was declared but never referenced
  	u8 Res = 0;
main.c(30): warning:  #177-D: variable "i"  was declared but never referenced
  	u16 i,j;
main.c(30): warning:  #177-D: variable "j"  was declared but never referenced
  	u16 i,j;
main.c(31): warning:  #177-D: variable "t"  was declared but never referenced
  	 u8 t;
main.c(32): warning:  #177-D: variable "len"  was declared but never referenced
  	 u16 len;
main.c(91): warning:  #177-D: variable "i"  was declared but never referenced
  	u16 i,j,data,len;
main.c(91): warning:  #177-D: variable "j"  was declared but never referenced
  	u16 i,j,data,len;
main.c(151): warning:  #550-D: variable "x"  was set but never used
  	u16 i,j,data,len,x,y;
main.c(151): warning:  #177-D: variable "y"  was declared but never referenced
  	u16 i,j,data,len,x,y;
main.c: 9 warnings, 0 errors
compiling iic2.c...
iic2.h(12): warning:  #1-D: last line of file ends without a newline
  #endif
iic2.c: 1 warning, 0 errors
compiling system_stm32f10x.c...
assembling startup_stm32f10x_hd.s...
compiling usart.c...
compiling misc.c...
compiling delay.c...
compiling stm32f10x_rcc.c...
compiling stm32f10x_gpio.c...
compiling stm32f10x_tim.c...
compiling stm32f10x_i2c.c...
compiling stm32f10x_usart.c...
compiling core_cm3.c...
compiling sys.c...
linking...
Program Size: Code=16840 RO-data=512 RW-data=56 ZI-data=1936  
FromELF: creating hex file...
"..\OBJ\PWM.axf" - 0 Error(s), 10 Warning(s).

<h2>Software Packages used:</h2>

Package Vendor: Keil
                http://www.keil.com/pack/Keil.STM32F1xx_DFP.2.2.0.pack
                Keil.STM32F1xx_DFP.2.2.0
                STMicroelectronics STM32F1 Series Device Support, Drivers and Examples

<h2>Collection of Component include folders:</h2>
  .\RTE\_PWM
  F:\Keil5_KMD\ARM\PACK\Keil\STM32F1xx_DFP\2.2.0\Device\Include

<h2>Collection of Component Files used:</h2>
Build Time Elapsed:  00:00:05
</pre>
</body>
</html>
