Component: ARM Compiler 5.06 update 5 (build 528) Tool: armlink [4d35e2]

==============================================================================

Section Cross References

    main.o(.text) refers to _printf_percent.o(.ARM.Collect$$_printf_percent$$00000000) for _printf_percent
    main.o(.text) refers to _printf_d.o(.ARM.Collect$$_printf_percent$$00000009) for _printf_d
    main.o(.text) refers to _printf_dec.o(.text) for _printf_int_dec
    main.o(.text) refers to _printf_f.o(.ARM.Collect$$_printf_percent$$00000003) for _printf_f
    main.o(.text) refers to printf1.o(x$fpl$printf1) for _printf_fp_dec
    main.o(.text) refers to stm32f10x_usart.o(.text) for USART_SendData
    main.o(.text) refers to f2d.o(x$fpl$f2d) for __aeabi_f2d
    main.o(.text) refers to ddiv.o(x$fpl$ddiv) for __aeabi_ddiv
    main.o(.text) refers to dmul.o(x$fpl$dmul) for __aeabi_dmul
    main.o(.text) refers to daddsub_clz.o(x$fpl$dadd) for __aeabi_dadd
    main.o(.text) refers to d2f.o(x$fpl$d2f) for __aeabi_d2f
    main.o(.text) refers to ffix.o(x$fpl$ffix) for __aeabi_f2iz
    main.o(.text) refers to faddsub_clz.o(x$fpl$fadd) for __aeabi_fadd
    main.o(.text) refers to stm32f10x_tim.o(.text) for TIM_SetCompare3
    main.o(.text) refers to delay.o(.text) for delay_ms
    main.o(.text) refers to noretval__2printf.o(.text) for __2printf
    main.o(.text) refers to fleqf.o(x$fpl$fleqf) for __aeabi_cfcmple
    main.o(.text) refers to misc.o(.text) for NVIC_PriorityGroupConfig
    main.o(.text) refers to usart.o(.text) for uart_init1
    main.o(.text) refers to timer.o(.text) for TIM3_PWM_Init
    main.o(.text) refers to usart.o(.data) for USART_RX_STA2
    main.o(.text) refers to usart.o(.bss) for USART_RX_BUF2
    system_stm32f10x.o(.text) refers to system_stm32f10x.o(.data) for SystemCoreClock
    led.o(.text) refers to stm32f10x_rcc.o(.text) for RCC_APB2PeriphClockCmd
    led.o(.text) refers to stm32f10x_gpio.o(.text) for GPIO_Init
    key.o(.text) refers to stm32f10x_rcc.o(.text) for RCC_APB2PeriphClockCmd
    key.o(.text) refers to stm32f10x_gpio.o(.text) for GPIO_Init
    key.o(.text) refers to delay.o(.text) for delay_ms
    key.o(.text) refers to key.o(.data) for key_up
    timer.o(.text) refers to stm32f10x_rcc.o(.text) for RCC_APB1PeriphClockCmd
    timer.o(.text) refers to stm32f10x_gpio.o(.text) for GPIO_Init
    timer.o(.text) refers to stm32f10x_tim.o(.text) for TIM_TimeBaseInit
    iic2.o(.text) refers to stm32f10x_rcc.o(.text) for RCC_APB1PeriphClockCmd
    iic2.o(.text) refers to stm32f10x_gpio.o(.text) for GPIO_Init
    iic2.o(.text) refers to stm32f10x_i2c.o(.text) for I2C_Init
    delay.o(.text) refers to misc.o(.text) for SysTick_CLKSourceConfig
    delay.o(.text) refers to system_stm32f10x.o(.data) for SystemCoreClock
    delay.o(.text) refers to delay.o(.data) for fac_us
    usart.o(.text) refers (Special) to use_no_semi_2.o(.text) for __use_no_semihosting
    usart.o(.text) refers to stm32f10x_rcc.o(.text) for RCC_APB2PeriphClockCmd
    usart.o(.text) refers to stm32f10x_gpio.o(.text) for GPIO_Init
    usart.o(.text) refers to misc.o(.text) for NVIC_Init
    usart.o(.text) refers to stm32f10x_usart.o(.text) for USART_Init
    usart.o(.text) refers to usart.o(.data) for USART_RX_STA2
    usart.o(.text) refers to usart.o(.bss) for USART_RX_BUF2
    usart.o(.bss) refers (Special) to use_no_semi_2.o(.text) for __use_no_semihosting
    usart.o(.data) refers (Special) to use_no_semi_2.o(.text) for __use_no_semihosting
    startup_stm32f10x_hd.o(STACK) refers (Special) to heapauxi.o(.text) for __use_two_region_memory
    startup_stm32f10x_hd.o(HEAP) refers (Special) to heapauxi.o(.text) for __use_two_region_memory
    startup_stm32f10x_hd.o(RESET) refers (Special) to heapauxi.o(.text) for __use_two_region_memory
    startup_stm32f10x_hd.o(RESET) refers to startup_stm32f10x_hd.o(STACK) for __initial_sp
    startup_stm32f10x_hd.o(RESET) refers to startup_stm32f10x_hd.o(.text) for Reset_Handler
    startup_stm32f10x_hd.o(RESET) refers to stm32f10x_it.o(.text) for NMI_Handler
    startup_stm32f10x_hd.o(RESET) refers to usart.o(.text) for USART1_IRQHandler
    startup_stm32f10x_hd.o(.text) refers (Special) to heapauxi.o(.text) for __use_two_region_memory
    startup_stm32f10x_hd.o(.text) refers to system_stm32f10x.o(.text) for SystemInit
    startup_stm32f10x_hd.o(.text) refers to __main.o(!!!main) for __main
    startup_stm32f10x_hd.o(.text) refers to startup_stm32f10x_hd.o(HEAP) for Heap_Mem
    startup_stm32f10x_hd.o(.text) refers to startup_stm32f10x_hd.o(STACK) for Stack_Mem
    stm32f10x_gpio.o(.text) refers to stm32f10x_rcc.o(.text) for RCC_APB2PeriphResetCmd
    stm32f10x_rcc.o(.text) refers to stm32f10x_rcc.o(.data) for APBAHBPrescTable
    stm32f10x_tim.o(.text) refers to stm32f10x_rcc.o(.text) for RCC_APB2PeriphResetCmd
    stm32f10x_usart.o(.text) refers to stm32f10x_rcc.o(.text) for RCC_APB2PeriphResetCmd
[...]

8 unused section(s) (total 1783 bytes) removed from the image.

==============================================================================

Image Symbol Table

    Local Symbols

    Symbol Name                              Value     Ov Type        Size  Object(Section)

    ../clib/angel/boardlib.s                 0x00000000   Number         0  boardinit1.o ABSOLUTE
    ../clib/angel/boardlib.s                 0x00000000   Number         0  boardinit2.o ABSOLUTE
    ../clib/angel/boardlib.s                 0x00000000   Number         0  boardinit3.o ABSOLUTE
    ../clib/angel/boardlib.s                 0x00000000   Number         0  boardshut.o ABSOLUTE
    ../clib/angel/handlers.s                 0x00000000   Number         0  __scatter_copy.o ABSOLUTE
    ../clib/angel/handlers.s                 0x00000000   Number         0  __scatter_zi.o ABSOLUTE
    ../clib/angel/kernel.s                   0x00000000   Number         0  rtexit2.o ABSOLUTE
    ../clib/angel/kernel.s                   0x00000000   Number         0  __rtentry.o ABSOLUTE
    ../clib/angel/kernel.s                   0x00000000   Number         0  rtexit.o ABSOLUTE
    ../clib/angel/kernel.s                   0x00000000   Number         0  __rtentry4.o ABSOLUTE
    ../clib/angel/kernel.s                   0x00000000   Number         0  __rtentry2.o ABSOLUTE
    ../clib/angel/rt.s                       0x00000000   Number         0  rt_locale_intlibspace.o ABSOLUTE
    ../clib/angel/rt.s                       0x00000000   Number         0  rt_locale.o ABSOLUTE
    ../clib/angel/rt.s                       0x00000000   Number         0  rt_raise.o ABSOLUTE
    ../clib/angel/scatter.s                  0x00000000   Number         0  __scatter.o ABSOLUTE
    ../clib/angel/startup.s                  0x00000000   Number         0  __main.o ABSOLUTE
    ../clib/angel/sys.s                      0x00000000   Number         0  libspace.o ABSOLUTE
    ../clib/angel/sys.s                      0x00000000   Number         0  sys_stackheap_outer.o ABSOLUTE
    ../clib/angel/sys.s                      0x00000000   Number         0  use_no_semi.o ABSOLUTE
    ../clib/angel/sys.s                      0x00000000   Number         0  indicate_semi.o ABSOLUTE
    ../clib/angel/sys.s                      0x00000000   Number         0  use_no_semi_2.o ABSOLUTE
    ../clib/angel/sysapp.c                   0x00000000   Number         0  sys_wrch.o ABSOLUTE
    ../clib/angel/sysapp.c                   0x00000000   Number         0  sys_command.o ABSOLUTE
    ../clib/armsys.c                         0x00000000   Number         0  argv_veneer.o ABSOLUTE
    ../clib/armsys.c                         0x00000000   Number         0  argv_veneer.o ABSOLUTE
    ../clib/armsys.c                         0x00000000   Number         0  _get_argv_nomalloc.o ABSOLUTE
    ../clib/armsys.c                         0x00000000   Number         0  no_argv.o ABSOLUTE
    ../clib/bigflt.c                         0x00000000   Number         0  bigflt0.o ABSOLUTE
    ../clib/btod.s                           0x00000000   Number         0  btod.o ABSOLUTE
    ../clib/heapalloc.c                      0x00000000   Number         0  hrguard.o ABSOLUTE
    ../clib/heapaux.c                        0x00000000   Number         0  heapauxi.o ABSOLUTE
    ../clib/libinit.s                        0x00000000   Number         0  libshutdown2.o ABSOLUTE
    ../clib/libinit.s                        0x00000000   Number         0  libinit.o ABSOLUTE
    ../clib/libinit.s                        0x00000000   Number         0  libshutdown.o ABSOLUTE
    ../clib/libinit.s                        0x00000000   Number         0  libinit2.o ABSOLUTE
    ../clib/locale.s                         0x00000000   Number         0  lc_numeric_c.o ABSOLUTE
    ../clib/longlong.s                       0x00000000   Number         0  lludiv10.o ABSOLUTE
    ../clib/memcpset.s                       0x00000000   Number         0  strcmpv7m.o ABSOLUTE
    ../clib/misc.s                           0x00000000   Number         0  printf_stubs.o ABSOLUTE
    ../clib/printf.c                         0x00000000   Number         0  __2printf.o ABSOLUTE
    ../clib/printf.c                         0x00000000   Number         0  noretval__2printf.o ABSOLUTE
    ../clib/printf.c                         0x00000000   Number         0  _printf_char_common.o ABSOLUTE
    ../clib/printf.c                         0x00000000   Number         0  __printf.o ABSOLUTE
    ../clib/printf.c                         0x00000000   Number         0  _printf_fp_infnan.o ABSOLUTE
    ../clib/printf.c                         0x00000000   Number         0  _printf_dec.o ABSOLUTE
    ../clib/printf.c                         0x00000000   Number         0  __printf_flags_wp.o ABSOLUTE
    ../clib/printf.c                         0x00000000   Number         0  __printf_nopercent.o ABSOLUTE
    ../clib/printf.c                         0x00000000   Number         0  __printf_ss_wp.o ABSOLUTE
    ../clib/printf.c                         0x00000000   Number         0  __printf_flags_ss_wp.o ABSOLUTE
    ../clib/printf.c                         0x00000000   Number         0  _printf_intcommon.o ABSOLUTE
    ../clib/printf.c                         0x00000000   Number         0  _printf_char_file.o ABSOLUTE
    ../clib/printf.c                         0x00000000   Number         0  __printf_flags_ss.o ABSOLUTE
    ../clib/printf.c                         0x00000000   Number         0  __printf_ss.o ABSOLUTE
    ../clib/printf.c                         0x00000000   Number         0  __printf_flags.o ABSOLUTE
    ../clib/printf.c                         0x00000000   Number         0  __printf_wp.o ABSOLUTE
    ../clib/printf.c                         0x00000000   Number         0  _printf_fp_dec.o ABSOLUTE
    ../clib/printf_percent.s                 0x00000000   Number         0  _printf_percent.o ABSOLUTE
    ../clib/printf_percent.s                 0x00000000   Number         0  _printf_f.o ABSOLUTE
    ../clib/printf_percent.s                 0x00000000   Number         0  _printf_d.o ABSOLUTE
    ../clib/printf_percent.s                 0x00000000   Number         0  _printf_percent_end.o ABSOLUTE
    ../clib/signal.c                         0x00000000   Number         0  defsig_rtmem_formal.o ABSOLUTE
    ../clib/signal.c                         0x00000000   Number         0  defsig_abrt_inner.o ABSOLUTE
    ../clib/signal.c                         0x00000000   Number         0  defsig_segv_inner.o ABSOLUTE
    ../clib/signal.c                         0x00000000   Number         0  __raise.o ABSOLUTE
    ../clib/signal.c                         0x00000000   Number         0  defsig_exit.o ABSOLUTE
    ../clib/signal.c                         0x00000000   Number         0  defsig_other.o ABSOLUTE
    ../clib/signal.c                         0x00000000   Number         0  defsig_fpe_inner.o ABSOLUTE
    ../clib/signal.c                         0x00000000   Number         0  defsig_rtmem_outer.o ABSOLUTE
    ../clib/signal.c                         0x00000000   Number         0  defsig_rtmem_inner.o ABSOLUTE
    ../clib/signal.c                         0x00000000   Number         0  defsig_cppl_inner.o ABSOLUTE
    ../clib/signal.c                         0x00000000   Number         0  defsig_stak_inner.o ABSOLUTE
    ../clib/signal.c                         0x00000000   Number         0  defsig_general.o ABSOLUTE
    ../clib/signal.c                         0x00000000   Number         0  defsig_pvfn_inner.o ABSOLUTE
    ../clib/signal.c                         0x00000000   Number         0  defsig_rtred_inner.o ABSOLUTE
    ../clib/signal.s                         0x00000000   Number         0  defsig.o ABSOLUTE
    ../clib/stdio.c                          0x00000000   Number         0  ferror_locked.o ABSOLUTE
    ../clib/stdio.c                          0x00000000   Number         0  ferror.o ABSOLUTE
    ../clib/stdlib.c                         0x00000000   Number         0  exit.o ABSOLUTE
    ../fplib/d2f.s                           0x00000000   Number         0  d2f.o ABSOLUTE
    ../fplib/daddsub.s                       0x00000000   Number         0  daddsub_clz.o ABSOLUTE
    ../fplib/ddiv.s                          0x00000000   Number         0  ddiv.o ABSOLUTE
    ../fplib/dmul.s                          0x00000000   Number         0  dmul.o ABSOLUTE
    ../fplib/dnaninf.s                       0x00000000   Number         0  dnaninf.o ABSOLUTE
    ../fplib/dretinf.s                       0x00000000   Number         0  dretinf.o ABSOLUTE
    ../fplib/f2d.s                           0x00000000   Number         0  f2d.o ABSOLUTE
    ../fplib/faddsub.s                       0x00000000   Number         0  faddsub_clz.o ABSOLUTE
    ../fplib/fcmpi.s                         0x00000000   Number         0  fcmpi.o ABSOLUTE
    ../fplib/ffix.s                          0x00000000   Number         0  ffix.o ABSOLUTE
    ../fplib/fleqf.s                         0x00000000   Number         0  fleqf.o ABSOLUTE
    ../fplib/fnaninf.s                       0x00000000   Number         0  fnaninf.o ABSOLUTE
    ../fplib/fpinit.s                        0x00000000   Number         0  fpinit.o ABSOLUTE
    ../fplib/fretinf.s                       0x00000000   Number         0  fretinf.o ABSOLUTE
    ../fplib/istatus.s                       0x00000000   Number         0  istatus.o ABSOLUTE
    ../fplib/printf1.s                       0x00000000   Number         0  printf1.o ABSOLUTE
    ../fplib/usenofp.s                       0x00000000   Number         0  usenofp.o ABSOLUTE
    ../mathlib/fpclassify.c                  0x00000000   Number         0  fpclassify.o ABSOLUTE
    ..\CORE\core_cm3.c                       0x00000000   Number         0  core_cm3.o ABSOLUTE
    ..\CORE\startup_stm32f10x_hd.s           0x00000000   Number         0  startup_stm32f10x_hd.o ABSOLUTE
    ..\HARDWARE\KEY\key.c                    0x00000000   Number         0  key.o ABSOLUTE
    ..\HARDWARE\LED\led.c                    0x00000000   Number         0  led.o ABSOLUTE
    ..\HARDWARE\TIMER\timer.c                0x00000000   Number         0  timer.o ABSOLUTE
    ..\STM32F10x_FWLib\src\misc.c            0x00000000   Number         0  misc.o ABSOLUTE
    ..\STM32F10x_FWLib\src\stm32f10x_gpio.c  0x00000000   Number         0  stm32f10x_gpio.o ABSOLUTE
    ..\STM32F10x_FWLib\src\stm32f10x_i2c.c   0x00000000   Number         0  stm32f10x_i2c.o ABSOLUTE
    ..\STM32F10x_FWLib\src\stm32f10x_rcc.c   0x00000000   Number         0  stm32f10x_rcc.o ABSOLUTE
    ..\STM32F10x_FWLib\src\stm32f10x_tim.c   0x00000000   Number         0  stm32f10x_tim.o ABSOLUTE
    ..\STM32F10x_FWLib\src\stm32f10x_usart.c 0x00000000   Number         0  stm32f10x_usart.o ABSOLUTE
    ..\SYSTEM\delay\delay.c                  0x00000000   Number         0  delay.o ABSOLUTE
    ..\SYSTEM\sys\sys.c                      0x00000000   Number         0  sys.o ABSOLUTE
    ..\SYSTEM\usart\usart.c                  0x00000000   Number         0  usart.o ABSOLUTE
    ..\\CORE\\core_cm3.c                     0x00000000   Number         0  core_cm3.o ABSOLUTE
    ..\\SYSTEM\\sys\\sys.c                   0x00000000   Number         0  sys.o ABSOLUTE
    dc.s                                     0x00000000   Number         0  dc.o ABSOLUTE
    iic2.c                                   0x00000000   Number         0  iic2.o ABSOLUTE
    main.c                                   0x00000000   Number         0  main.o ABSOLUTE
    stm32f10x_it.c                           0x00000000   Number         0  stm32f10x_it.o ABSOLUTE
    system_stm32f10x.c                       0x00000000   Number         0  system_stm32f10x.o ABSOLUTE
    RESET                                    0x08000000   Section      304  startup_stm32f10x_hd.o(RESET)
    !!!main                                  0x08000130   Section        8  __main.o(!!!main)
    !!!scatter                               0x08000138   Section       52  __scatter.o(!!!scatter)
    !!handler_copy                           0x0800016c   Section       26  __scatter_copy.o(!!handler_copy)
    !!handler_zi                             0x08000188   Section       28  __scatter_zi.o(!!handler_zi)
    .ARM.Collect$$_printf_percent$$00000000  0x080001a4   Section        0  _printf_percent.o(.ARM.Collect$$_printf_percent$$00000000)
    .ARM.Collect$$_printf_percent$$00000003  0x080001a4   Section        6  _printf_f.o(.ARM.Collect$$_printf_percent$$00000003)
    .ARM.Collect$$_printf_percent$$00000009  0x080001aa   Section        6  _printf_d.o(.ARM.Collect$$_printf_percent$$00000009)
    .ARM.Collect$$_printf_percent$$00000017  0x080001b0   Section        4  _printf_percent_end.o(.ARM.Collect$$_printf_percent$$00000017)
    .ARM.Collect$$libinit$$00000000          0x080001b4   Section        2  libinit.o(.ARM.Collect$$libinit$$00000000)
    .ARM.Collect$$libinit$$00000002          0x080001b6   Section        0  libinit2.o(.ARM.Collect$$libinit$$00000002)
    .ARM.Collect$$libinit$$00000004          0x080001b6   Section        0  libinit2.o(.ARM.Collect$$libinit$$00000004)
    .ARM.Collect$$libinit$$0000000A          0x080001b6   Section        0  libinit2.o(.ARM.Collect$$libinit$$0000000A)
    .ARM.Collect$$libinit$$0000000C          0x080001b6   Section        0  libinit2.o(.ARM.Collect$$libinit$$0000000C)
    .ARM.Collect$$libinit$$0000000E          0x080001b6   Section        0  libinit2.o(.ARM.Collect$$libinit$$0000000E)
    .ARM.Collect$$libinit$$0000000F          0x080001b6   Section        6  libinit2.o(.ARM.Collect$$libinit$$0000000F)
    .ARM.Collect$$libinit$$00000011          0x080001bc   Section        0  libinit2.o(.ARM.Collect$$libinit$$00000011)
    .ARM.Collect$$libinit$$00000013          0x080001bc   Section        0  libinit2.o(.ARM.Collect$$libinit$$00000013)
    .ARM.Collect$$libinit$$00000015          0x080001bc   Section        0  libinit2.o(.ARM.Collect$$libinit$$00000015)
    .ARM.Collect$$libinit$$00000016          0x080001bc   Section       10  libinit2.o(.ARM.Collect$$libinit$$00000016)
    .ARM.Collect$$libinit$$00000017          0x080001c6   Section        0  libinit2.o(.ARM.Collect$$libinit$$00000017)
    .ARM.Collect$$libinit$$00000019          0x080001c6   Section        0  libinit2.o(.ARM.Collect$$libinit$$00000019)
    .ARM.Collect$$libinit$$0000001B          0x080001c6   Section        0  libinit2.o(.ARM.Collect$$libinit$$0000001B)
    .ARM.Collect$$libinit$$0000001D          0x080001c6   Section        0  libinit2.o(.ARM.Collect$$libinit$$0000001D)
    .ARM.Collect$$libinit$$0000001F          0x080001c6   Section        0  libinit2.o(.ARM.Collect$$libinit$$0000001F)
    .ARM.Collect$$libinit$$00000021          0x080001c6   Section        0  libinit2.o(.ARM.Collect$$libinit$$00000021)
    .ARM.Collect$$libinit$$00000023          0x080001c6   Section        0  libinit2.o(.ARM.Collect$$libinit$$00000023)
    .ARM.Collect$$libinit$$00000025          0x080001c6   Section        0  libinit2.o(.ARM.Collect$$libinit$$00000025)
    .ARM.Collect$$libinit$$0000002C          0x080001c6   Section        0  libinit2.o(.ARM.Collect$$libinit$$0000002C)
    .ARM.Collect$$libinit$$0000002E          0x080001c6   Section        0  libinit2.o(.ARM.Collect$$libinit$$0000002E)
    .ARM.Collect$$libinit$$00000030          0x080001c6   Section        0  libinit2.o(.ARM.Collect$$libinit$$00000030)
    .ARM.Collect$$libinit$$00000032          0x080001c6   Section        0  libinit2.o(.ARM.Collect$$libinit$$00000032)
    .ARM.Collect$$libinit$$00000033          0x080001c6   Section        2  libinit2.o(.ARM.Collect$$libinit$$00000033)
    .ARM.Collect$$libshutdown$$00000000      0x080001c8   Section        2  libshutdown.o(.ARM.Collect$$libshutdown$$00000000)
    .ARM.Collect$$libshutdown$$00000002      0x080001ca   Section        0  libshutdown2.o(.ARM.Collect$$libshutdown$$00000002)
    .ARM.Collect$$libshutdown$$00000004      0x080001ca   Section        0  libshutdown2.o(.ARM.Collect$$libshutdown$$00000004)
    .ARM.Collect$$libshutdown$$00000007      0x080001ca   Section        0  libshutdown2.o(.ARM.Collect$$libshutdown$$00000007)
    .ARM.Collect$$libshutdown$$0000000A      0x080001ca   Section        0  libshutdown2.o(.ARM.Collect$$libshutdown$$0000000A)
    .ARM.Collect$$libshutdown$$0000000C      0x080001ca   Section        0  libshutdown2.o(.ARM.Collect$$libshutdown$$0000000C)
    .ARM.Collect$$libshutdown$$0000000F      0x080001ca   Section        0  libshutdown2.o(.ARM.Collect$$libshutdown$$0000000F)
    .ARM.Collect$$libshutdown$$00000010      0x080001ca   Section        2  libshutdown2.o(.ARM.Collect$$libshutdown$$00000010)
    .ARM.Collect$$rtentry$$00000000          0x080001cc   Section        0  __rtentry.o(.ARM.Collect$$rtentry$$00000000)
    .ARM.Collect$$rtentry$$00000002          0x080001cc   Section        0  __rtentry2.o(.ARM.Collect$$rtentry$$00000002)
    .ARM.Collect$$rtentry$$00000004          0x080001cc   Section        6  __rtentry4.o(.ARM.Collect$$rtentry$$00000004)
    .ARM.Collect$$rtentry$$00000009          0x080001d2   Section        0  __rtentry2.o(.ARM.Collect$$rtentry$$00000009)
    .ARM.Collect$$rtentry$$0000000A          0x080001d2   Section        4  __rtentry2.o(.ARM.Collect$$rtentry$$0000000A)
    .ARM.Collect$$rtentry$$0000000C          0x080001d6   Section        0  __rtentry2.o(.ARM.Collect$$rtentry$$0000000C)
    .ARM.Collect$$rtentry$$0000000D          0x080001d6   Section        8  __rtentry2.o(.ARM.Collect$$rtentry$$0000000D)
    .ARM.Collect$$rtexit$$00000000           0x080001de   Section        2  rtexit.o(.ARM.Collect$$rtexit$$00000000)
    .ARM.Collect$$rtexit$$00000002           0x080001e0   Section        0  rtexit2.o(.ARM.Collect$$rtexit$$00000002)
    .ARM.Collect$$rtexit$$00000003           0x080001e0   Section        4  rtexit2.o(.ARM.Collect$$rtexit$$00000003)
    .ARM.Collect$$rtexit$$00000004           0x080001e4   Section        6  rtexit2.o(.ARM.Collect$$rtexit$$00000004)
    .text                                    0x080001ec   Section        0  main.o(.text)
    .text                                    0x080005f8   Section        0  stm32f10x_it.o(.text)
    .text                                    0x08000614   Section        0  system_stm32f10x.o(.text)
    SetSysClockTo72                          0x08000615   Thumb Code   214  system_stm32f10x.o(.text)
    SetSysClock                              0x080006eb   Thumb Code     8  system_stm32f10x.o(.text)
    .text                                    0x080007f4   Section        0  timer.o(.text)
    .text                                    0x08000898   Section        0  delay.o(.text)
    .text                                    0x0800096c   Section        0  usart.o(.text)
    .text                                    0x08000b80   Section       64  startup_stm32f10x_hd.o(.text)
    .text                                    0x08000bc0   Section        0  misc.o(.text)
    .text                                    0x08000c9c   Section        0  stm32f10x_gpio.o(.text)
    .text                                    0x08000ff8   Section        0  stm32f10x_rcc.o(.text)
    .text                                    0x0800139c   Section        0  stm32f10x_tim.o(.text)
    TI4_Config                               0x08001843   Thumb Code   130  stm32f10x_tim.o(.text)
    TI3_Config                               0x080018d7   Thumb Code   122  stm32f10x_tim.o(.text)
    TI2_Config                               0x0800196b   Thumb Code   130  stm32f10x_tim.o(.text)
    TI1_Config                               0x080019ff   Thumb Code   108  stm32f10x_tim.o(.text)
    .text                                    0x080021b8   Section        0  stm32f10x_usart.o(.text)
    .text                                    0x080025c0   Section        2  use_no_semi_2.o(.text)
    .text                                    0x080025c4   Section        0  noretval__2printf.o(.text)
    .text                                    0x080025dc   Section        0  _printf_dec.o(.text)
    .text                                    0x08002654   Section        0  __printf_wp.o(.text)
    .text                                    0x08002762   Section        0  heapauxi.o(.text)
    .text                                    0x08002768   Section        2  use_no_semi.o(.text)
    .text                                    0x0800276a   Section        0  _printf_intcommon.o(.text)
    .text                                    0x0800281c   Section        0  _printf_fp_dec.o(.text)
    _fp_digits                               0x0800281f   Thumb Code   432  _printf_fp_dec.o(.text)
    .text                                    0x08002c3c   Section        0  _printf_char_file.o(.text)
    .text                                    0x08002c60   Section        8  rt_locale_intlibspace.o(.text)
    .text                                    0x08002c68   Section      138  lludiv10.o(.text)
    .text                                    0x08002cf4   Section        0  _printf_char_common.o(.text)
    _printf_input_char                       0x08002cf5   Thumb Code    10  _printf_char_common.o(.text)
    .text                                    0x08002d24   Section        0  _printf_fp_infnan.o(.text)
    .text                                    0x08002da4   Section        0  bigflt0.o(.text)
    .text                                    0x08002e88   Section        0  ferror.o(.text)
    .text                                    0x08002e90   Section        8  libspace.o(.text)
    .text                                    0x08002e98   Section       74  sys_stackheap_outer.o(.text)
    .text                                    0x08002ee2   Section        0  exit.o(.text)
    .text                                    0x08002ef4   Section      128  strcmpv7m.o(.text)
    CL$$btod_d2e                             0x08002f74   Section       62  btod.o(CL$$btod_d2e)
    CL$$btod_d2e_denorm_low                  0x08002fb2   Section       70  btod.o(CL$$btod_d2e_denorm_low)
    CL$$btod_d2e_norm_op1                    0x08002ff8   Section       96  btod.o(CL$$btod_d2e_norm_op1)
    CL$$btod_div_common                      0x08003058   Section      824  btod.o(CL$$btod_div_common)
    CL$$btod_e2e                             0x08003390   Section      220  btod.o(CL$$btod_e2e)
    CL$$btod_ediv                            0x0800346c   Section       42  btod.o(CL$$btod_ediv)
    CL$$btod_emul                            0x08003496   Section       42  btod.o(CL$$btod_emul)
    CL$$btod_mult_common                     0x080034c0   Section      580  btod.o(CL$$btod_mult_common)
    i.__ARM_fpclassify                       0x08003704   Section        0  fpclassify.o(i.__ARM_fpclassify)
    i._is_digit                              0x0800372c   Section        0  __printf_wp.o(i._is_digit)
    locale$$code                             0x0800373c   Section       44  lc_numeric_c.o(locale$$code)
    x$fpl$d2f                                0x08003768   Section       98  d2f.o(x$fpl$d2f)
    x$fpl$dadd                               0x080037cc   Section      336  daddsub_clz.o(x$fpl$dadd)
    _dadd1                                   0x080037dd   Thumb Code     0  daddsub_clz.o(x$fpl$dadd)
    x$fpl$ddiv                               0x0800391c   Section      688  ddiv.o(x$fpl$ddiv)
    ddiv_entry                               0x08003923   Thumb Code     0  ddiv.o(x$fpl$ddiv)
    x$fpl$dmul                               0x08003bcc   Section      340  dmul.o(x$fpl$dmul)
    x$fpl$dnaninf                            0x08003d20   Section      156  dnaninf.o(x$fpl$dnaninf)
    x$fpl$dretinf                            0x08003dbc   Section       12  dretinf.o(x$fpl$dretinf)
    x$fpl$dsub                               0x08003dc8   Section      468  daddsub_clz.o(x$fpl$dsub)
    _dsub1                                   0x08003dd9   Thumb Code     0  daddsub_clz.o(x$fpl$dsub)
    x$fpl$f2d                                0x08003f9c   Section       86  f2d.o(x$fpl$f2d)
    x$fpl$fadd                               0x08003ff4   Section      196  faddsub_clz.o(x$fpl$fadd)
    _fadd1                                   0x08004003   Thumb Code     0  faddsub_clz.o(x$fpl$fadd)
    x$fpl$fcmpinf                            0x080040b8   Section       24  fcmpi.o(x$fpl$fcmpinf)
    x$fpl$ffix                               0x080040d0   Section       54  ffix.o(x$fpl$ffix)
    x$fpl$fleqf                              0x08004108   Section      104  fleqf.o(x$fpl$fleqf)
    x$fpl$fnaninf                            0x08004170   Section      140  fnaninf.o(x$fpl$fnaninf)
    x$fpl$fretinf                            0x080041fc   Section       10  fretinf.o(x$fpl$fretinf)
    x$fpl$fsub                               0x08004208   Section      234  faddsub_clz.o(x$fpl$fsub)
    _fsub1                                   0x08004217   Thumb Code     0  faddsub_clz.o(x$fpl$fsub)
    x$fpl$printf1                            0x080042f2   Section        4  printf1.o(x$fpl$printf1)
    x$fpl$usenofp                            0x080042f6   Section        0  usenofp.o(x$fpl$usenofp)
    .constdata                               0x080042f8   Section      148  bigflt0.o(.constdata)
    tenpwrs_x                                0x080042f8   Data          60  bigflt0.o(.constdata)
    tenpwrs_i                                0x08004334   Data          64  bigflt0.o(.constdata)
    locale$$data                             0x080043ac   Section       28  lc_numeric_c.o(locale$$data)
    __lcnum_c_name                           0x080043b0   Data           2  lc_numeric_c.o(locale$$data)
    __lcnum_c_start                          0x080043b8   Data           0  lc_numeric_c.o(locale$$data)
    __lcnum_c_point                          0x080043c4   Data           0  lc_numeric_c.o(locale$$data)
    __lcnum_c_thousands                      0x080043c6   Data           0  lc_numeric_c.o(locale$$data)
    __lcnum_c_grouping                       0x080043c7   Data           0  lc_numeric_c.o(locale$$data)
    __lcnum_c_end                            0x080043c8   Data           0  lc_numeric_c.o(locale$$data)
    .data                                    0x20000000   Section       20  system_stm32f10x.o(.data)
    .data                                    0x20000014   Section        4  delay.o(.data)
    fac_us                                   0x20000014   Data           1  delay.o(.data)
    fac_ms                                   0x20000016   Data           2  delay.o(.data)
    .data                                    0x20000018   Section        9  usart.o(.data)
    .data                                    0x20000021   Section       20  stm32f10x_rcc.o(.data)
    APBAHBPrescTable                         0x20000021   Data          16  stm32f10x_rcc.o(.data)
    ADCPrescTable                            0x20000031   Data           4  stm32f10x_rcc.o(.data)
    .bss                                     0x20000038   Section      300  usart.o(.bss)
    .bss                                     0x20000164   Section       96  libspace.o(.bss)
    HEAP                                     0x200001c8   Section      512  startup_stm32f10x_hd.o(HEAP)
    Heap_Mem                                 0x200001c8   Data         512  startup_stm32f10x_hd.o(HEAP)
    STACK                                    0x200003c8   Section     1024  startup_stm32f10x_hd.o(STACK)
    Stack_Mem                                0x200003c8   Data        1024  startup_stm32f10x_hd.o(STACK)
    __initial_sp                             0x200007c8   Data           0  startup_stm32f10x_hd.o(STACK)

    Global Symbols

    Symbol Name                              Value     Ov Type        Size  Object(Section)

    BuildAttributes$$THM_ISAv4$P$D$K$B$S$PE$A:L22UL41UL21$X:L11$S22US41US21$IEEE1$IW$USESV6$~STKCKD$USESV7$~SHL$OTIME$ROPI$IEEEJ$EBA8$UX$STANDARDLIB$REQ8$PRES8$EABIv2 0x00000000   Number         0  anon$$obj.o ABSOLUTE
    __ARM_use_no_argv                        0x00000000   Number         0  main.o ABSOLUTE
    _printf_flags                            0x00000000   Number         0  printf_stubs.o ABSOLUTE
    _printf_return_value                     0x00000000   Number         0  printf_stubs.o ABSOLUTE
    _printf_sizespec                         0x00000000   Number         0  printf_stubs.o ABSOLUTE
    _printf_widthprec                        0x00000000   Number         0  printf_stubs.o ABSOLUTE
    __ARM_exceptions_init                     - Undefined Weak Reference
    __alloca_initialize                       - Undefined Weak Reference
    __arm_preinit_                            - Undefined Weak Reference
    __cpp_initialize__aeabi_                  - Undefined Weak Reference
    __cxa_finalize                            - Undefined Weak Reference
    __sigvec_lookup                           - Undefined Weak Reference
    _atexit_init                              - Undefined Weak Reference
    _call_atexit_fns                          - Undefined Weak Reference
    _clock_init                               - Undefined Weak Reference
    _fp_trap_init                             - Undefined Weak Reference
    _fp_trap_shutdown                         - Undefined Weak Reference
    _get_lc_collate                           - Undefined Weak Reference
    _get_lc_ctype                             - Undefined Weak Reference
    _get_lc_monetary                          - Undefined Weak Reference
    _get_lc_time                              - Undefined Weak Reference
    _getenv_init                              - Undefined Weak Reference
    _handle_redirection                       - Undefined Weak Reference
    _init_alloc                               - Undefined Weak Reference
    _init_user_alloc                          - Undefined Weak Reference
    _initio                                   - Undefined Weak Reference
    _mutex_acquire                            - Undefined Weak Reference
    _mutex_release                            - Undefined Weak Reference
    _printf_post_padding                      - Undefined Weak Reference
    _printf_pre_padding                       - Undefined Weak Reference
    _printf_truncate_signed                   - Undefined Weak Reference
    _printf_truncate_unsigned                 - Undefined Weak Reference
    _rand_init                                - Undefined Weak Reference
    _signal_finish                            - Undefined Weak Reference
    _signal_init                              - Undefined Weak Reference
    _terminate_alloc                          - Undefined Weak Reference
    _terminate_user_alloc                     - Undefined Weak Reference
    _terminateio                              - Undefined Weak Reference
    __Vectors_Size                           0x00000130   Number         0  startup_stm32f10x_hd.o ABSOLUTE
    __Vectors                                0x08000000   Data           4  startup_stm32f10x_hd.o(RESET)
    __Vectors_End                            0x08000130   Data           0  startup_stm32f10x_hd.o(RESET)
    __main                                   0x08000131   Thumb Code     8  __main.o(!!!main)
    __scatterload                            0x08000139   Thumb Code     0  __scatter.o(!!!scatter)
    __scatterload_rt2                        0x08000139   Thumb Code    44  __scatter.o(!!!scatter)
    __scatterload_rt2_thumb_only             0x08000139   Thumb Code     0  __scatter.o(!!!scatter)
    __scatterload_null                       0x08000147   Thumb Code     0  __scatter.o(!!!scatter)
    __scatterload_copy                       0x0800016d   Thumb Code    26  __scatter_copy.o(!!handler_copy)
    __scatterload_zeroinit                   0x08000189   Thumb Code    28  __scatter_zi.o(!!handler_zi)
    _printf_f                                0x080001a5   Thumb Code     0  _printf_f.o(.ARM.Collect$$_printf_percent$$00000003)
    _printf_percent                          0x080001a5   Thumb Code     0  _printf_percent.o(.ARM.Collect$$_printf_percent$$00000000)
    _printf_d                                0x080001ab   Thumb Code     0  _printf_d.o(.ARM.Collect$$_printf_percent$$00000009)
    _printf_percent_end                      0x080001b1   Thumb Code     0  _printf_percent_end.o(.ARM.Collect$$_printf_percent$$00000017)
    __rt_lib_init                            0x080001b5   Thumb Code     0  libinit.o(.ARM.Collect$$libinit$$00000000)
    __rt_lib_init_fp_1                       0x080001b7   Thumb Code     0  libinit2.o(.ARM.Collect$$libinit$$00000002)
    __rt_lib_init_heap_1                     0x080001b7   Thumb Code     0  libinit2.o(.ARM.Collect$$libinit$$0000000A)
    __rt_lib_init_lc_common                  0x080001b7   Thumb Code     0  libinit2.o(.ARM.Collect$$libinit$$0000000F)
    __rt_lib_init_preinit_1                  0x080001b7   Thumb Code     0  libinit2.o(.ARM.Collect$$libinit$$00000004)
    __rt_lib_init_rand_1                     0x080001b7   Thumb Code     0  libinit2.o(.ARM.Collect$$libinit$$0000000E)
    __rt_lib_init_user_alloc_1               0x080001b7   Thumb Code     0  libinit2.o(.ARM.Collect$$libinit$$0000000C)
    __rt_lib_init_lc_collate_1               0x080001bd   Thumb Code     0  libinit2.o(.ARM.Collect$$libinit$$00000011)
    __rt_lib_init_lc_ctype_1                 0x080001bd   Thumb Code     0  libinit2.o(.ARM.Collect$$libinit$$00000013)
    __rt_lib_init_lc_monetary_1              0x080001bd   Thumb Code     0  libinit2.o(.ARM.Collect$$libinit$$00000015)
    __rt_lib_init_lc_numeric_2               0x080001bd   Thumb Code     0  libinit2.o(.ARM.Collect$$libinit$$00000016)
    __rt_lib_init_alloca_1                   0x080001c7   Thumb Code     0  libinit2.o(.ARM.Collect$$libinit$$0000002E)
    __rt_lib_init_argv_1                     0x080001c7   Thumb Code     0  libinit2.o(.ARM.Collect$$libinit$$0000002C)
    __rt_lib_init_atexit_1                   0x080001c7   Thumb Code     0  libinit2.o(.ARM.Collect$$libinit$$0000001B)
    __rt_lib_init_clock_1                    0x080001c7   Thumb Code     0  libinit2.o(.ARM.Collect$$libinit$$00000021)
    __rt_lib_init_cpp_1                      0x080001c7   Thumb Code     0  libinit2.o(.ARM.Collect$$libinit$$00000032)
    __rt_lib_init_exceptions_1               0x080001c7   Thumb Code     0  libinit2.o(.ARM.Collect$$libinit$$00000030)
    __rt_lib_init_fp_trap_1                  0x080001c7   Thumb Code     0  libinit2.o(.ARM.Collect$$libinit$$0000001F)
    __rt_lib_init_getenv_1                   0x080001c7   Thumb Code     0  libinit2.o(.ARM.Collect$$libinit$$00000023)
    __rt_lib_init_lc_numeric_1               0x080001c7   Thumb Code     0  libinit2.o(.ARM.Collect$$libinit$$00000017)
    __rt_lib_init_lc_time_1                  0x080001c7   Thumb Code     0  libinit2.o(.ARM.Collect$$libinit$$00000019)
    __rt_lib_init_return                     0x080001c7   Thumb Code     0  libinit2.o(.ARM.Collect$$libinit$$00000033)
    __rt_lib_init_signal_1                   0x080001c7   Thumb Code     0  libinit2.o(.ARM.Collect$$libinit$$0000001D)
    __rt_lib_init_stdio_1                    0x080001c7   Thumb Code     0  libinit2.o(.ARM.Collect$$libinit$$00000025)
    __rt_lib_shutdown                        0x080001c9   Thumb Code     0  libshutdown.o(.ARM.Collect$$libshutdown$$00000000)
    __rt_lib_shutdown_cpp_1                  0x080001cb   Thumb Code     0  libshutdown2.o(.ARM.Collect$$libshutdown$$00000002)
    __rt_lib_shutdown_fp_trap_1              0x080001cb   Thumb Code     0  libshutdown2.o(.ARM.Collect$$libshutdown$$00000007)
    __rt_lib_shutdown_heap_1                 0x080001cb   Thumb Code     0  libshutdown2.o(.ARM.Collect$$libshutdown$$0000000F)
    __rt_lib_shutdown_return                 0x080001cb   Thumb Code     0  libshutdown2.o(.ARM.Collect$$libshutdown$$00000010)
    __rt_lib_shutdown_signal_1               0x080001cb   Thumb Code     0  libshutdown2.o(.ARM.Collect$$libshutdown$$0000000A)
    __rt_lib_shutdown_stdio_1                0x080001cb   Thumb Code     0  libshutdown2.o(.ARM.Collect$$libshutdown$$00000004)
    __rt_lib_shutdown_user_alloc_1           0x080001cb   Thumb Code     0  libshutdown2.o(.ARM.Collect$$libshutdown$$0000000C)
    __rt_entry                               0x080001cd   Thumb Code     0  __rtentry.o(.ARM.Collect$$rtentry$$00000000)
    __rt_entry_presh_1                       0x080001cd   Thumb Code     0  __rtentry2.o(.ARM.Collect$$rtentry$$00000002)
    __rt_entry_sh                            0x080001cd   Thumb Code     0  __rtentry4.o(.ARM.Collect$$rtentry$$00000004)
    __rt_entry_li                            0x080001d3   Thumb Code     0  __rtentry2.o(.ARM.Collect$$rtentry$$0000000A)
    __rt_entry_postsh_1                      0x080001d3   Thumb Code     0  __rtentry2.o(.ARM.Collect$$rtentry$$00000009)
    __rt_entry_main                          0x080001d7   Thumb Code     0  __rtentry2.o(.ARM.Collect$$rtentry$$0000000D)
    __rt_entry_postli_1                      0x080001d7   Thumb Code     0  __rtentry2.o(.ARM.Collect$$rtentry$$0000000C)
    __rt_exit                                0x080001df   Thumb Code     0  rtexit.o(.ARM.Collect$$rtexit$$00000000)
    __rt_exit_ls                             0x080001e1   Thumb Code     0  rtexit2.o(.ARM.Collect$$rtexit$$00000003)
    __rt_exit_prels_1                        0x080001e1   Thumb Code     0  rtexit2.o(.ARM.Collect$$rtexit$$00000002)
    __rt_exit_exit                           0x080001e5   Thumb Code     0  rtexit2.o(.ARM.Collect$$rtexit$$00000004)
    read_from_tof                            0x080001ed   Thumb Code    48  main.o(.text)
    angle_to_pwmdata                         0x0800021d   Thumb Code    72  main.o(.text)
    get_tof_graph                            0x08000265   Thumb Code   246  main.o(.text)
    main                                     0x0800035b   Thumb Code   116  main.o(.text)
    write_tof1                               0x080003cf   Thumb Code    48  main.o(.text)
    get_tof_graph2                           0x080003ff   Thumb Code   212  main.o(.text)
    test1                                    0x080004d3   Thumb Code   156  main.o(.text)
    NMI_Handler                              0x080005f9   Thumb Code     2  stm32f10x_it.o(.text)
    HardFault_Handler                        0x080005fb   Thumb Code     4  stm32f10x_it.o(.text)
    MemManage_Handler                        0x080005ff   Thumb Code     4  stm32f10x_it.o(.text)
    BusFault_Handler                         0x08000603   Thumb Code     4  stm32f10x_it.o(.text)
    UsageFault_Handler                       0x08000607   Thumb Code     4  stm32f10x_it.o(.text)
    SVC_Handler                              0x0800060b   Thumb Code     2  stm32f10x_it.o(.text)
    DebugMon_Handler                         0x0800060d   Thumb Code     2  stm32f10x_it.o(.text)
    PendSV_Handler                           0x0800060f   Thumb Code     2  stm32f10x_it.o(.text)
    SysTick_Handler                          0x08000611   Thumb Code     2  stm32f10x_it.o(.text)
    SystemInit                               0x080006f3   Thumb Code    78  system_stm32f10x.o(.text)
    SystemCoreClockUpdate                    0x08000741   Thumb Code   142  system_stm32f10x.o(.text)
    TIM3_PWM_Init                            0x080007f5   Thumb Code   154  timer.o(.text)
    delay_init                               0x08000899   Thumb Code    50  delay.o(.text)
    delay_us                                 0x080008cb   Thumb Code    72  delay.o(.text)
    delay_ms                                 0x08000913   Thumb Code    72  delay.o(.text)
    _sys_exit                                0x0800096d   Thumb Code     4  usart.o(.text)
    fputc                                    0x08000971   Thumb Code    24  usart.o(.text)
    uart_init1                               0x08000989   Thumb Code   152  usart.o(.text)
    USART2_Init                              0x08000a21   Thumb Code   156  usart.o(.text)
    USART2_IRQHandler                        0x08000abd   Thumb Code    46  usart.o(.text)
    USART1_IRQHandler                        0x08000aeb   Thumb Code   122  usart.o(.text)
    Reset_Handler                            0x08000b81   Thumb Code     8  startup_stm32f10x_hd.o(.text)
    ADC1_2_IRQHandler                        0x08000b9b   Thumb Code     0  startup_stm32f10x_hd.o(.text)
    ADC3_IRQHandler                          0x08000b9b   Thumb Code     0  startup_stm32f10x_hd.o(.text)
    CAN1_RX1_IRQHandler                      0x08000b9b   Thumb Code     0  startup_stm32f10x_hd.o(.text)
    CAN1_SCE_IRQHandler                      0x08000b9b   Thumb Code     0  startup_stm32f10x_hd.o(.text)
    DMA1_Channel1_IRQHandler                 0x08000b9b   Thumb Code     0  startup_stm32f10x_hd.o(.text)
    DMA1_Channel2_IRQHandler                 0x08000b9b   Thumb Code     0  startup_stm32f10x_hd.o(.text)
    DMA1_Channel3_IRQHandler                 0x08000b9b   Thumb Code     0  startup_stm32f10x_hd.o(.text)
    DMA1_Channel4_IRQHandler                 0x08000b9b   Thumb Code     0  startup_stm32f10x_hd.o(.text)
    DMA1_Channel5_IRQHandler                 0x08000b9b   Thumb Code     0  startup_stm32f10x_hd.o(.text)
    DMA1_Channel6_IRQHandler                 0x08000b9b   Thumb Code     0  startup_stm32f10x_hd.o(.text)
    DMA1_Channel7_IRQHandler                 0x08000b9b   Thumb Code     0  startup_stm32f10x_hd.o(.text)
    DMA2_Channel1_IRQHandler                 0x08000b9b   Thumb Code     0  startup_stm32f10x_hd.o(.text)
    DMA2_Channel2_IRQHandler                 0x08000b9b   Thumb Code     0  startup_stm32f10x_hd.o(.text)
    DMA2_Channel3_IRQHandler                 0x08000b9b   Thumb Code     0  startup_stm32f10x_hd.o(.text)
    DMA2_Channel4_5_IRQHandler               0x08000b9b   Thumb Code     0  startup_stm32f10x_hd.o(.text)
    EXTI0_IRQHandler                         0x08000b9b   Thumb Code     0  startup_stm32f10x_hd.o(.text)
    EXTI15_10_IRQHandler                     0x08000b9b   Thumb Code     0  startup_stm32f10x_hd.o(.text)
    EXTI1_IRQHandler                         0x08000b9b   Thumb Code     0  startup_stm32f10x_hd.o(.text)
    EXTI2_IRQHandler                         0x08000b9b   Thumb Code     0  startup_stm32f10x_hd.o(.text)
    EXTI3_IRQHandler                         0x08000b9b   Thumb Code     0  startup_stm32f10x_hd.o(.text)
    EXTI4_IRQHandler                         0x08000b9b   Thumb Code     0  startup_stm32f10x_hd.o(.text)
    EXTI9_5_IRQHandler                       0x08000b9b   Thumb Code     0  startup_stm32f10x_hd.o(.text)
    FLASH_IRQHandler                         0x08000b9b   Thumb Code     0  startup_stm32f10x_hd.o(.text)
    FSMC_IRQHandler                          0x08000b9b   Thumb Code     0  startup_stm32f10x_hd.o(.text)
    I2C1_ER_IRQHandler                       0x08000b9b   Thumb Code     0  startup_stm32f10x_hd.o(.text)
    I2C1_EV_IRQHandler                       0x08000b9b   Thumb Code     0  startup_stm32f10x_hd.o(.text)
    I2C2_ER_IRQHandler                       0x08000b9b   Thumb Code     0  startup_stm32f10x_hd.o(.text)
    I2C2_EV_IRQHandler                       0x08000b9b   Thumb Code     0  startup_stm32f10x_hd.o(.text)
    PVD_IRQHandler                           0x08000b9b   Thumb Code     0  startup_stm32f10x_hd.o(.text)
    RCC_IRQHandler                           0x08000b9b   Thumb Code     0  startup_stm32f10x_hd.o(.text)
    RTCAlarm_IRQHandler                      0x08000b9b   Thumb Code     0  startup_stm32f10x_hd.o(.text)
    RTC_IRQHandler                           0x08000b9b   Thumb Code     0  startup_stm32f10x_hd.o(.text)
    SDIO_IRQHandler                          0x08000b9b   Thumb Code     0  startup_stm32f10x_hd.o(.text)
    SPI1_IRQHandler                          0x08000b9b   Thumb Code     0  startup_stm32f10x_hd.o(.text)
    SPI2_IRQHandler                          0x08000b9b   Thumb Code     0  startup_stm32f10x_hd.o(.text)
    SPI3_IRQHandler                          0x08000b9b   Thumb Code     0  startup_stm32f10x_hd.o(.text)
    TAMPER_IRQHandler                        0x08000b9b   Thumb Code     0  startup_stm32f10x_hd.o(.text)
    TIM1_BRK_IRQHandler                      0x08000b9b   Thumb Code     0  startup_stm32f10x_hd.o(.text)
    TIM1_CC_IRQHandler                       0x08000b9b   Thumb Code     0  startup_stm32f10x_hd.o(.text)
    TIM1_TRG_COM_IRQHandler                  0x08000b9b   Thumb Code     0  startup_stm32f10x_hd.o(.text)
    TIM1_UP_IRQHandler                       0x08000b9b   Thumb Code     0  startup_stm32f10x_hd.o(.text)
    TIM2_IRQHandler                          0x08000b9b   Thumb Code     0  startup_stm32f10x_hd.o(.text)
    TIM3_IRQHandler                          0x08000b9b   Thumb Code     0  startup_stm32f10x_hd.o(.text)
    TIM4_IRQHandler                          0x08000b9b   Thumb Code     0  startup_stm32f10x_hd.o(.text)
    TIM5_IRQHandler                          0x08000b9b   Thumb Code     0  startup_stm32f10x_hd.o(.text)
    TIM6_IRQHandler                          0x08000b9b   Thumb Code     0  startup_stm32f10x_hd.o(.text)
    TIM7_IRQHandler                          0x08000b9b   Thumb Code     0  startup_stm32f10x_hd.o(.text)
    TIM8_BRK_IRQHandler                      0x08000b9b   Thumb Code     0  startup_stm32f10x_hd.o(.text)
    TIM8_CC_IRQHandler                       0x08000b9b   Thumb Code     0  startup_stm32f10x_hd.o(.text)
    TIM8_TRG_COM_IRQHandler                  0x08000b9b   Thumb Code     0  startup_stm32f10x_hd.o(.text)
    TIM8_UP_IRQHandler                       0x08000b9b   Thumb Code     0  startup_stm32f10x_hd.o(.text)
    UART4_IRQHandler                         0x08000b9b   Thumb Code     0  startup_stm32f10x_hd.o(.text)
    UART5_IRQHandler                         0x08000b9b   Thumb Code     0  startup_stm32f10x_hd.o(.text)
    USART3_IRQHandler                        0x08000b9b   Thumb Code     0  startup_stm32f10x_hd.o(.text)
    USBWakeUp_IRQHandler                     0x08000b9b   Thumb Code     0  startup_stm32f10x_hd.o(.text)
    USB_HP_CAN1_TX_IRQHandler                0x08000b9b   Thumb Code     0  startup_stm32f10x_hd.o(.text)
    USB_LP_CAN1_RX0_IRQHandler               0x08000b9b   Thumb Code     0  startup_stm32f10x_hd.o(.text)
    WWDG_IRQHandler                          0x08000b9b   Thumb Code     0  startup_stm32f10x_hd.o(.text)
    __user_initial_stackheap                 0x08000b9d   Thumb Code     0  startup_stm32f10x_hd.o(.text)
    NVIC_PriorityGroupConfig                 0x08000bc1   Thumb Code    10  misc.o(.text)
    NVIC_Init                                0x08000bcb   Thumb Code   100  misc.o(.text)
    NVIC_SetVectorTable                      0x08000c2f   Thumb Code    14  misc.o(.text)
    NVIC_SystemLPConfig                      0x08000c3d   Thumb Code    34  misc.o(.text)
    SysTick_CLKSourceConfig                  0x08000c5f   Thumb Code    40  misc.o(.text)
    GPIO_DeInit                              0x08000c9d   Thumb Code   172  stm32f10x_gpio.o(.text)
    GPIO_AFIODeInit                          0x08000d49   Thumb Code    20  stm32f10x_gpio.o(.text)
    GPIO_Init                                0x08000d5d   Thumb Code   278  stm32f10x_gpio.o(.text)
    GPIO_StructInit                          0x08000e73   Thumb Code    16  stm32f10x_gpio.o(.text)
    GPIO_ReadInputDataBit                    0x08000e83   Thumb Code    18  stm32f10x_gpio.o(.text)
    GPIO_ReadInputData                       0x08000e95   Thumb Code     8  stm32f10x_gpio.o(.text)
    GPIO_ReadOutputDataBit                   0x08000e9d   Thumb Code    18  stm32f10x_gpio.o(.text)
    GPIO_ReadOutputData                      0x08000eaf   Thumb Code     8  stm32f10x_gpio.o(.text)
    GPIO_SetBits                             0x08000eb7   Thumb Code     4  stm32f10x_gpio.o(.text)
    GPIO_ResetBits                           0x08000ebb   Thumb Code     4  stm32f10x_gpio.o(.text)
    GPIO_WriteBit                            0x08000ebf   Thumb Code    10  stm32f10x_gpio.o(.text)
    GPIO_Write                               0x08000ec9   Thumb Code     4  stm32f10x_gpio.o(.text)
    GPIO_PinLockConfig                       0x08000ecd   Thumb Code    18  stm32f10x_gpio.o(.text)
    GPIO_EventOutputConfig                   0x08000edf   Thumb Code    26  stm32f10x_gpio.o(.text)
    GPIO_EventOutputCmd                      0x08000ef9   Thumb Code     6  stm32f10x_gpio.o(.text)
    GPIO_PinRemapConfig                      0x08000eff   Thumb Code   138  stm32f10x_gpio.o(.text)
    GPIO_EXTILineConfig                      0x08000f89   Thumb Code    66  stm32f10x_gpio.o(.text)
    GPIO_ETH_MediaInterfaceConfig            0x08000fcb   Thumb Code     8  stm32f10x_gpio.o(.text)
    RCC_DeInit                               0x08000ff9   Thumb Code    64  stm32f10x_rcc.o(.text)
    RCC_HSEConfig                            0x08001039   Thumb Code    70  stm32f10x_rcc.o(.text)
    RCC_GetFlagStatus                        0x0800107f   Thumb Code    56  stm32f10x_rcc.o(.text)
    RCC_WaitForHSEStartUp                    0x080010b7   Thumb Code    56  stm32f10x_rcc.o(.text)
    RCC_AdjustHSICalibrationValue            0x080010ef   Thumb Code    20  stm32f10x_rcc.o(.text)
    RCC_HSICmd                               0x08001103   Thumb Code     6  stm32f10x_rcc.o(.text)
    RCC_PLLConfig                            0x08001109   Thumb Code    24  stm32f10x_rcc.o(.text)
    RCC_PLLCmd                               0x08001121   Thumb Code     6  stm32f10x_rcc.o(.text)
    RCC_SYSCLKConfig                         0x08001127   Thumb Code    18  stm32f10x_rcc.o(.text)
    RCC_GetSYSCLKSource                      0x08001139   Thumb Code    10  stm32f10x_rcc.o(.text)
    RCC_HCLKConfig                           0x08001143   Thumb Code    18  stm32f10x_rcc.o(.text)
    RCC_PCLK1Config                          0x08001155   Thumb Code    18  stm32f10x_rcc.o(.text)
    RCC_PCLK2Config                          0x08001167   Thumb Code    20  stm32f10x_rcc.o(.text)
    RCC_ITConfig                             0x0800117b   Thumb Code    26  stm32f10x_rcc.o(.text)
    RCC_USBCLKConfig                         0x08001195   Thumb Code     8  stm32f10x_rcc.o(.text)
    RCC_ADCCLKConfig                         0x0800119d   Thumb Code    18  stm32f10x_rcc.o(.text)
    RCC_LSEConfig                            0x080011af   Thumb Code    50  stm32f10x_rcc.o(.text)
    RCC_LSICmd                               0x080011e1   Thumb Code     6  stm32f10x_rcc.o(.text)
    RCC_RTCCLKConfig                         0x080011e7   Thumb Code    12  stm32f10x_rcc.o(.text)
    RCC_RTCCLKCmd                            0x080011f3   Thumb Code     8  stm32f10x_rcc.o(.text)
    RCC_GetClocksFreq                        0x080011fb   Thumb Code   192  stm32f10x_rcc.o(.text)
    RCC_AHBPeriphClockCmd                    0x080012bb   Thumb Code    26  stm32f10x_rcc.o(.text)
    RCC_APB2PeriphClockCmd                   0x080012d5   Thumb Code    26  stm32f10x_rcc.o(.text)
    RCC_APB1PeriphClockCmd                   0x080012ef   Thumb Code    26  stm32f10x_rcc.o(.text)
    RCC_APB2PeriphResetCmd                   0x08001309   Thumb Code    26  stm32f10x_rcc.o(.text)
    RCC_APB1PeriphResetCmd                   0x08001323   Thumb Code    26  stm32f10x_rcc.o(.text)
    RCC_BackupResetCmd                       0x0800133d   Thumb Code     8  stm32f10x_rcc.o(.text)
    RCC_ClockSecuritySystemCmd               0x08001345   Thumb Code     6  stm32f10x_rcc.o(.text)
    RCC_MCOConfig                            0x0800134b   Thumb Code     6  stm32f10x_rcc.o(.text)
    RCC_ClearFlag                            0x08001351   Thumb Code    14  stm32f10x_rcc.o(.text)
    RCC_GetITStatus                          0x0800135f   Thumb Code    20  stm32f10x_rcc.o(.text)
    RCC_ClearITPendingBit                    0x08001373   Thumb Code     6  stm32f10x_rcc.o(.text)
    TIM_DeInit                               0x0800139d   Thumb Code   424  stm32f10x_tim.o(.text)
    TIM_TimeBaseInit                         0x08001545   Thumb Code   122  stm32f10x_tim.o(.text)
    TIM_OC1Init                              0x080015bf   Thumb Code   132  stm32f10x_tim.o(.text)
    TIM_OC2Init                              0x08001643   Thumb Code   154  stm32f10x_tim.o(.text)
    TIM_OC3Init                              0x080016dd   Thumb Code   150  stm32f10x_tim.o(.text)
    TIM_OC4Init                              0x08001773   Thumb Code   182  stm32f10x_tim.o(.text)
    TIM_SetIC4Prescaler                      0x08001829   Thumb Code    26  stm32f10x_tim.o(.text)
    TIM_SetIC3Prescaler                      0x080018c5   Thumb Code    18  stm32f10x_tim.o(.text)
    TIM_SetIC2Prescaler                      0x08001951   Thumb Code    26  stm32f10x_tim.o(.text)
    TIM_SetIC1Prescaler                      0x080019ed   Thumb Code    18  stm32f10x_tim.o(.text)
    TIM_ICInit                               0x08001a6b   Thumb Code   150  stm32f10x_tim.o(.text)
    TIM_PWMIConfig                           0x08001b01   Thumb Code   124  stm32f10x_tim.o(.text)
    TIM_BDTRConfig                           0x08001b7d   Thumb Code    32  stm32f10x_tim.o(.text)
    TIM_TimeBaseStructInit                   0x08001b9d   Thumb Code    18  stm32f10x_tim.o(.text)
    TIM_OCStructInit                         0x08001baf   Thumb Code    20  stm32f10x_tim.o(.text)
    TIM_ICStructInit                         0x08001bc3   Thumb Code    18  stm32f10x_tim.o(.text)
    TIM_BDTRStructInit                       0x08001bd5   Thumb Code    40  stm32f10x_tim.o(.text)
    TIM_Cmd                                  0x08001bfd   Thumb Code    24  stm32f10x_tim.o(.text)
    TIM_CtrlPWMOutputs                       0x08001c15   Thumb Code    30  stm32f10x_tim.o(.text)
    TIM_ITConfig                             0x08001c33   Thumb Code    18  stm32f10x_tim.o(.text)
    TIM_GenerateEvent                        0x08001c45   Thumb Code     4  stm32f10x_tim.o(.text)
    TIM_DMAConfig                            0x08001c49   Thumb Code    10  stm32f10x_tim.o(.text)
    TIM_DMACmd                               0x08001c53   Thumb Code    18  stm32f10x_tim.o(.text)
    TIM_InternalClockConfig                  0x08001c65   Thumb Code    12  stm32f10x_tim.o(.text)
    TIM_SelectInputTrigger                   0x08001c71   Thumb Code    18  stm32f10x_tim.o(.text)
    TIM_ITRxExternalClockConfig              0x08001c83   Thumb Code    24  stm32f10x_tim.o(.text)
    TIM_TIxExternalClockConfig               0x08001c9b   Thumb Code    62  stm32f10x_tim.o(.text)
    TIM_ETRConfig                            0x08001cd9   Thumb Code    28  stm32f10x_tim.o(.text)
    TIM_ETRClockMode1Config                  0x08001cf5   Thumb Code    54  stm32f10x_tim.o(.text)
    TIM_ETRClockMode2Config                  0x08001d2b   Thumb Code    32  stm32f10x_tim.o(.text)
    TIM_PrescalerConfig                      0x08001d4b   Thumb Code     6  stm32f10x_tim.o(.text)
    TIM_CounterModeConfig                    0x08001d51   Thumb Code    18  stm32f10x_tim.o(.text)
    TIM_EncoderInterfaceConfig               0x08001d63   Thumb Code    66  stm32f10x_tim.o(.text)
    TIM_ForcedOC1Config                      0x08001da5   Thumb Code    18  stm32f10x_tim.o(.text)
    TIM_ForcedOC2Config                      0x08001db7   Thumb Code    26  stm32f10x_tim.o(.text)
    TIM_ForcedOC3Config                      0x08001dd1   Thumb Code    18  stm32f10x_tim.o(.text)
    TIM_ForcedOC4Config                      0x08001de3   Thumb Code    26  stm32f10x_tim.o(.text)
    TIM_ARRPreloadConfig                     0x08001dfd   Thumb Code    24  stm32f10x_tim.o(.text)
    TIM_SelectCOM                            0x08001e15   Thumb Code    24  stm32f10x_tim.o(.text)
    TIM_SelectCCDMA                          0x08001e2d   Thumb Code    24  stm32f10x_tim.o(.text)
    TIM_CCPreloadControl                     0x08001e45   Thumb Code    24  stm32f10x_tim.o(.text)
    TIM_OC1PreloadConfig                     0x08001e5d   Thumb Code    18  stm32f10x_tim.o(.text)
    TIM_OC2PreloadConfig                     0x08001e6f   Thumb Code    26  stm32f10x_tim.o(.text)
    TIM_OC3PreloadConfig                     0x08001e89   Thumb Code    18  stm32f10x_tim.o(.text)
    TIM_OC4PreloadConfig                     0x08001e9b   Thumb Code    26  stm32f10x_tim.o(.text)
    TIM_OC1FastConfig                        0x08001eb5   Thumb Code    18  stm32f10x_tim.o(.text)
    TIM_OC2FastConfig                        0x08001ec7   Thumb Code    26  stm32f10x_tim.o(.text)
    TIM_OC3FastConfig                        0x08001ee1   Thumb Code    18  stm32f10x_tim.o(.text)
    TIM_OC4FastConfig                        0x08001ef3   Thumb Code    26  stm32f10x_tim.o(.text)
    TIM_ClearOC1Ref                          0x08001f0d   Thumb Code    18  stm32f10x_tim.o(.text)
    TIM_ClearOC2Ref                          0x08001f1f   Thumb Code    24  stm32f10x_tim.o(.text)
    TIM_ClearOC3Ref                          0x08001f37   Thumb Code    18  stm32f10x_tim.o(.text)
    TIM_ClearOC4Ref                          0x08001f49   Thumb Code    24  stm32f10x_tim.o(.text)
    TIM_OC1PolarityConfig                    0x08001f61   Thumb Code    18  stm32f10x_tim.o(.text)
    TIM_OC1NPolarityConfig                   0x08001f73   Thumb Code    18  stm32f10x_tim.o(.text)
    TIM_OC2PolarityConfig                    0x08001f85   Thumb Code    26  stm32f10x_tim.o(.text)
    TIM_OC2NPolarityConfig                   0x08001f9f   Thumb Code    26  stm32f10x_tim.o(.text)
    TIM_OC3PolarityConfig                    0x08001fb9   Thumb Code    26  stm32f10x_tim.o(.text)
    TIM_OC3NPolarityConfig                   0x08001fd3   Thumb Code    26  stm32f10x_tim.o(.text)
    TIM_OC4PolarityConfig                    0x08001fed   Thumb Code    26  stm32f10x_tim.o(.text)
    TIM_CCxCmd                               0x08002007   Thumb Code    30  stm32f10x_tim.o(.text)
    TIM_CCxNCmd                              0x08002025   Thumb Code    30  stm32f10x_tim.o(.text)
    TIM_SelectOCxM                           0x08002043   Thumb Code    82  stm32f10x_tim.o(.text)
    TIM_UpdateDisableConfig                  0x08002095   Thumb Code    24  stm32f10x_tim.o(.text)
    TIM_UpdateRequestConfig                  0x080020ad   Thumb Code    24  stm32f10x_tim.o(.text)
    TIM_SelectHallSensor                     0x080020c5   Thumb Code    24  stm32f10x_tim.o(.text)
    TIM_SelectOnePulseMode                   0x080020dd   Thumb Code    18  stm32f10x_tim.o(.text)
    TIM_SelectOutputTrigger                  0x080020ef   Thumb Code    18  stm32f10x_tim.o(.text)
    TIM_SelectSlaveMode                      0x08002101   Thumb Code    18  stm32f10x_tim.o(.text)
    TIM_SelectMasterSlaveMode                0x08002113   Thumb Code    18  stm32f10x_tim.o(.text)
    TIM_SetCounter                           0x08002125   Thumb Code     4  stm32f10x_tim.o(.text)
    TIM_SetAutoreload                        0x08002129   Thumb Code     4  stm32f10x_tim.o(.text)
    TIM_SetCompare1                          0x0800212d   Thumb Code     4  stm32f10x_tim.o(.text)
    TIM_SetCompare2                          0x08002131   Thumb Code     4  stm32f10x_tim.o(.text)
    TIM_SetCompare3                          0x08002135   Thumb Code     4  stm32f10x_tim.o(.text)
    TIM_SetCompare4                          0x08002139   Thumb Code     6  stm32f10x_tim.o(.text)
    TIM_SetClockDivision                     0x0800213f   Thumb Code    18  stm32f10x_tim.o(.text)
    TIM_GetCapture1                          0x08002151   Thumb Code     6  stm32f10x_tim.o(.text)
    TIM_GetCapture2                          0x08002157   Thumb Code     6  stm32f10x_tim.o(.text)
    TIM_GetCapture3                          0x0800215d   Thumb Code     6  stm32f10x_tim.o(.text)
    TIM_GetCapture4                          0x08002163   Thumb Code     8  stm32f10x_tim.o(.text)
    TIM_GetCounter                           0x0800216b   Thumb Code     6  stm32f10x_tim.o(.text)
    TIM_GetPrescaler                         0x08002171   Thumb Code     6  stm32f10x_tim.o(.text)
    TIM_GetFlagStatus                        0x08002177   Thumb Code    18  stm32f10x_tim.o(.text)
    TIM_ClearFlag                            0x08002189   Thumb Code     6  stm32f10x_tim.o(.text)
    TIM_GetITStatus                          0x0800218f   Thumb Code    34  stm32f10x_tim.o(.text)
    TIM_ClearITPendingBit                    0x080021b1   Thumb Code     6  stm32f10x_tim.o(.text)
    USART_DeInit                             0x080021b9   Thumb Code   134  stm32f10x_usart.o(.text)
    USART_Init                               0x0800223f   Thumb Code   210  stm32f10x_usart.o(.text)
    USART_StructInit                         0x08002311   Thumb Code    24  stm32f10x_usart.o(.text)
    USART_ClockInit                          0x08002329   Thumb Code    34  stm32f10x_usart.o(.text)
    USART_ClockStructInit                    0x0800234b   Thumb Code    12  stm32f10x_usart.o(.text)
    USART_Cmd                                0x08002357   Thumb Code    24  stm32f10x_usart.o(.text)
    USART_ITConfig                           0x0800236f   Thumb Code    74  stm32f10x_usart.o(.text)
    USART_DMACmd                             0x080023b9   Thumb Code    18  stm32f10x_usart.o(.text)
    USART_SetAddress                         0x080023cb   Thumb Code    18  stm32f10x_usart.o(.text)
    USART_WakeUpConfig                       0x080023dd   Thumb Code    18  stm32f10x_usart.o(.text)
    USART_ReceiverWakeUpCmd                  0x080023ef   Thumb Code    24  stm32f10x_usart.o(.text)
    USART_LINBreakDetectLengthConfig         0x08002407   Thumb Code    18  stm32f10x_usart.o(.text)
    USART_LINCmd                             0x08002419   Thumb Code    24  stm32f10x_usart.o(.text)
    USART_SendData                           0x08002431   Thumb Code     8  stm32f10x_usart.o(.text)
    USART_ReceiveData                        0x08002439   Thumb Code    10  stm32f10x_usart.o(.text)
    USART_SendBreak                          0x08002443   Thumb Code    10  stm32f10x_usart.o(.text)
    USART_SetGuardTime                       0x0800244d   Thumb Code    16  stm32f10x_usart.o(.text)
    USART_SetPrescaler                       0x0800245d   Thumb Code    16  stm32f10x_usart.o(.text)
    USART_SmartCardCmd                       0x0800246d   Thumb Code    24  stm32f10x_usart.o(.text)
    USART_SmartCardNACKCmd                   0x08002485   Thumb Code    24  stm32f10x_usart.o(.text)
    USART_HalfDuplexCmd                      0x0800249d   Thumb Code    24  stm32f10x_usart.o(.text)
    USART_OverSampling8Cmd                   0x080024b5   Thumb Code    22  stm32f10x_usart.o(.text)
    USART_OneBitMethodCmd                    0x080024cb   Thumb Code    24  stm32f10x_usart.o(.text)
    USART_IrDAConfig                         0x080024e3   Thumb Code    18  stm32f10x_usart.o(.text)
    USART_IrDACmd                            0x080024f5   Thumb Code    24  stm32f10x_usart.o(.text)
    USART_GetFlagStatus                      0x0800250d   Thumb Code    26  stm32f10x_usart.o(.text)
    USART_ClearFlag                          0x08002527   Thumb Code    18  stm32f10x_usart.o(.text)
    USART_GetITStatus                        0x08002539   Thumb Code    84  stm32f10x_usart.o(.text)
    USART_ClearITPendingBit                  0x0800258d   Thumb Code    52  stm32f10x_usart.o(.text)
    __use_no_semihosting                     0x080025c1   Thumb Code     2  use_no_semi_2.o(.text)
    __2printf                                0x080025c5   Thumb Code    20  noretval__2printf.o(.text)
    _printf_int_dec                          0x080025dd   Thumb Code   104  _printf_dec.o(.text)
    __printf                                 0x08002655   Thumb Code   270  __printf_wp.o(.text)
    __use_two_region_memory                  0x08002763   Thumb Code     2  heapauxi.o(.text)
    __rt_heap_escrow$2region                 0x08002765   Thumb Code     2  heapauxi.o(.text)
    __rt_heap_expand$2region                 0x08002767   Thumb Code     2  heapauxi.o(.text)
    __I$use$semihosting                      0x08002769   Thumb Code     0  use_no_semi.o(.text)
    __use_no_semihosting_swi                 0x08002769   Thumb Code     2  use_no_semi.o(.text)
    _printf_int_common                       0x0800276b   Thumb Code   178  _printf_intcommon.o(.text)
    __lib_sel_fp_printf                      0x0800281d   Thumb Code     2  _printf_fp_dec.o(.text)
    _printf_fp_dec_real                      0x080029cf   Thumb Code   620  _printf_fp_dec.o(.text)
    _printf_char_file                        0x08002c3d   Thumb Code    32  _printf_char_file.o(.text)
    __rt_locale                              0x08002c61   Thumb Code     8  rt_locale_intlibspace.o(.text)
    _ll_udiv10                               0x08002c69   Thumb Code   138  lludiv10.o(.text)
    _printf_char_common                      0x08002cff   Thumb Code    32  _printf_char_common.o(.text)
    _printf_fp_infnan                        0x08002d25   Thumb Code   112  _printf_fp_infnan.o(.text)
    _btod_etento                             0x08002da5   Thumb Code   224  bigflt0.o(.text)
    ferror                                   0x08002e89   Thumb Code     8  ferror.o(.text)
    __user_libspace                          0x08002e91   Thumb Code     8  libspace.o(.text)
    __user_perproc_libspace                  0x08002e91   Thumb Code     0  libspace.o(.text)
    __user_perthread_libspace                0x08002e91   Thumb Code     0  libspace.o(.text)
    __user_setup_stackheap                   0x08002e99   Thumb Code    74  sys_stackheap_outer.o(.text)
    exit                                     0x08002ee3   Thumb Code    18  exit.o(.text)
    strcmp                                   0x08002ef5   Thumb Code   128  strcmpv7m.o(.text)
    _btod_d2e                                0x08002f75   Thumb Code    62  btod.o(CL$$btod_d2e)
    _d2e_denorm_low                          0x08002fb3   Thumb Code    70  btod.o(CL$$btod_d2e_denorm_low)
    _d2e_norm_op1                            0x08002ff9   Thumb Code    96  btod.o(CL$$btod_d2e_norm_op1)
    __btod_div_common                        0x08003059   Thumb Code   696  btod.o(CL$$btod_div_common)
    _e2e                                     0x08003391   Thumb Code   220  btod.o(CL$$btod_e2e)
    _btod_ediv                               0x0800346d   Thumb Code    42  btod.o(CL$$btod_ediv)
    _btod_emul                               0x08003497   Thumb Code    42  btod.o(CL$$btod_emul)
    __btod_mult_common                       0x080034c1   Thumb Code   580  btod.o(CL$$btod_mult_common)
    __ARM_fpclassify                         0x08003705   Thumb Code    40  fpclassify.o(i.__ARM_fpclassify)
    _is_digit                                0x0800372d   Thumb Code    14  __printf_wp.o(i._is_digit)
    _get_lc_numeric                          0x0800373d   Thumb Code    44  lc_numeric_c.o(locale$$code)
    __aeabi_d2f                              0x08003769   Thumb Code     0  d2f.o(x$fpl$d2f)
    _d2f                                     0x08003769   Thumb Code    98  d2f.o(x$fpl$d2f)
    __aeabi_dadd                             0x080037cd   Thumb Code     0  daddsub_clz.o(x$fpl$dadd)
    _dadd                                    0x080037cd   Thumb Code   332  daddsub_clz.o(x$fpl$dadd)
    __aeabi_ddiv                             0x0800391d   Thumb Code     0  ddiv.o(x$fpl$ddiv)
    _ddiv                                    0x0800391d   Thumb Code   552  ddiv.o(x$fpl$ddiv)
    __aeabi_dmul                             0x08003bcd   Thumb Code     0  dmul.o(x$fpl$dmul)
    _dmul                                    0x08003bcd   Thumb Code   332  dmul.o(x$fpl$dmul)
    __fpl_dnaninf                            0x08003d21   Thumb Code   156  dnaninf.o(x$fpl$dnaninf)
    __fpl_dretinf                            0x08003dbd   Thumb Code    12  dretinf.o(x$fpl$dretinf)
    __aeabi_dsub                             0x08003dc9   Thumb Code     0  daddsub_clz.o(x$fpl$dsub)
    _dsub                                    0x08003dc9   Thumb Code   464  daddsub_clz.o(x$fpl$dsub)
    __aeabi_f2d                              0x08003f9d   Thumb Code     0  f2d.o(x$fpl$f2d)
    _f2d                                     0x08003f9d   Thumb Code    86  f2d.o(x$fpl$f2d)
    __aeabi_fadd                             0x08003ff5   Thumb Code     0  faddsub_clz.o(x$fpl$fadd)
    _fadd                                    0x08003ff5   Thumb Code   196  faddsub_clz.o(x$fpl$fadd)
    __fpl_fcmp_Inf                           0x080040b9   Thumb Code    24  fcmpi.o(x$fpl$fcmpinf)
    __aeabi_f2iz                             0x080040d1   Thumb Code     0  ffix.o(x$fpl$ffix)
    _ffix                                    0x080040d1   Thumb Code    54  ffix.o(x$fpl$ffix)
    __aeabi_cfcmple                          0x08004109   Thumb Code     0  fleqf.o(x$fpl$fleqf)
    _fcmple                                  0x08004109   Thumb Code   104  fleqf.o(x$fpl$fleqf)
    __fpl_fcmple_InfNaN                      0x0800415b   Thumb Code     0  fleqf.o(x$fpl$fleqf)
    __fpl_fnaninf                            0x08004171   Thumb Code   140  fnaninf.o(x$fpl$fnaninf)
    __fpl_fretinf                            0x080041fd   Thumb Code    10  fretinf.o(x$fpl$fretinf)
    __aeabi_fsub                             0x08004209   Thumb Code     0  faddsub_clz.o(x$fpl$fsub)
    _fsub                                    0x08004209   Thumb Code   234  faddsub_clz.o(x$fpl$fsub)
    _printf_fp_dec                           0x080042f3   Thumb Code     4  printf1.o(x$fpl$printf1)
    __I$use$fp                               0x080042f6   Number         0  usenofp.o(x$fpl$usenofp)
    Region$$Table$$Base                      0x0800438c   Number         0  anon$$obj.o(Region$$Table)
    Region$$Table$$Limit                     0x080043ac   Number         0  anon$$obj.o(Region$$Table)
    SystemCoreClock                          0x20000000   Data           4  system_stm32f10x.o(.data)
    AHBPrescTable                            0x20000004   Data          16  system_stm32f10x.o(.data)
    __stdout                                 0x20000018   Data           4  usart.o(.data)
    USART_RX_STA                             0x2000001c   Data           2  usart.o(.data)
    USART_RX_STA2                            0x2000001e   Data           2  usart.o(.data)
    Res2                                     0x20000020   Data           1  usart.o(.data)
    USART_RX_BUF                             0x20000038   Data         200  usart.o(.bss)
    USART_RX_BUF2                            0x20000100   Data         100  usart.o(.bss)
    __libspace_start                         0x20000164   Data          96  libspace.o(.bss)
    __temporary_stack_top$libspace           0x200001c4   Data           0  libspace.o(.bss)



==============================================================================

Memory Map of the image

  Image Entry point : 0x08000131

  Load Region LR_IROM1 (Base: 0x08000000, Size: 0x00004400, Max: 0x00080000, ABSOLUTE)

    Execution Region ER_IROM1 (Exec base: 0x08000000, Load base: 0x08000000, Size: 0x000043c8, Max: 0x00080000, ABSOLUTE)

    Exec Addr    Load Addr    Size         Type   Attr      Idx    E Section Name        Object

    0x08000000   0x08000000   0x00000130   Data   RO          301    RESET               startup_stm32f10x_hd.o
    0x08000130   0x08000130   0x00000008   Code   RO          417  * !!!main             c_w.l(__main.o)
    0x08000138   0x08000138   0x00000034   Code   RO          671    !!!scatter          c_w.l(__scatter.o)
    0x0800016c   0x0800016c   0x0000001a   Code   RO          673    !!handler_copy      c_w.l(__scatter_copy.o)
    0x08000186   0x08000186   0x00000002   PAD
    0x08000188   0x08000188   0x0000001c   Code   RO          675    !!handler_zi        c_w.l(__scatter_zi.o)
    0x080001a4   0x080001a4   0x00000000   Code   RO          414    .ARM.Collect$$_printf_percent$$00000000  c_w.l(_printf_percent.o)
    0x080001a4   0x080001a4   0x00000006   Code   RO          413    .ARM.Collect$$_printf_percent$$00000003  c_w.l(_printf_f.o)
    0x080001aa   0x080001aa   0x00000006   Code   RO          412    .ARM.Collect$$_printf_percent$$00000009  c_w.l(_printf_d.o)
    0x080001b0   0x080001b0   0x00000004   Code   RO          458    .ARM.Collect$$_printf_percent$$00000017  c_w.l(_printf_percent_end.o)
    0x080001b4   0x080001b4   0x00000002   Code   RO          548    .ARM.Collect$$libinit$$00000000  c_w.l(libinit.o)
    0x080001b6   0x080001b6   0x00000000   Code   RO          550    .ARM.Collect$$libinit$$00000002  c_w.l(libinit2.o)
    0x080001b6   0x080001b6   0x00000000   Code   RO          552    .ARM.Collect$$libinit$$00000004  c_w.l(libinit2.o)
    0x080001b6   0x080001b6   0x00000000   Code   RO          555    .ARM.Collect$$libinit$$0000000A  c_w.l(libinit2.o)
    0x080001b6   0x080001b6   0x00000000   Code   RO          557    .ARM.Collect$$libinit$$0000000C  c_w.l(libinit2.o)
    0x080001b6   0x080001b6   0x00000000   Code   RO          559    .ARM.Collect$$libinit$$0000000E  c_w.l(libinit2.o)
    0x080001b6   0x080001b6   0x00000006   Code   RO          560    .ARM.Collect$$libinit$$0000000F  c_w.l(libinit2.o)
    0x080001bc   0x080001bc   0x00000000   Code   RO          562    .ARM.Collect$$libinit$$00000011  c_w.l(libinit2.o)
    0x080001bc   0x080001bc   0x00000000   Code   RO          564    .ARM.Collect$$libinit$$00000013  c_w.l(libinit2.o)
    0x080001bc   0x080001bc   0x00000000   Code   RO          566    .ARM.Collect$$libinit$$00000015  c_w.l(libinit2.o)
    0x080001bc   0x080001bc   0x0000000a   Code   RO          567    .ARM.Collect$$libinit$$00000016  c_w.l(libinit2.o)
    0x080001c6   0x080001c6   0x00000000   Code   RO          568    .ARM.Collect$$libinit$$00000017  c_w.l(libinit2.o)
    0x080001c6   0x080001c6   0x00000000   Code   RO          570    .ARM.Collect$$libinit$$00000019  c_w.l(libinit2.o)
    0x080001c6   0x080001c6   0x00000000   Code   RO          572    .ARM.Collect$$libinit$$0000001B  c_w.l(libinit2.o)
    0x080001c6   0x080001c6   0x00000000   Code   RO          574    .ARM.Collect$$libinit$$0000001D  c_w.l(libinit2.o)
    0x080001c6   0x080001c6   0x00000000   Code   RO          576    .ARM.Collect$$libinit$$0000001F  c_w.l(libinit2.o)
    0x080001c6   0x080001c6   0x00000000   Code   RO          578    .ARM.Collect$$libinit$$00000021  c_w.l(libinit2.o)
    0x080001c6   0x080001c6   0x00000000   Code   RO          580    .ARM.Collect$$libinit$$00000023  c_w.l(libinit2.o)
    0x080001c6   0x080001c6   0x00000000   Code   RO          582    .ARM.Collect$$libinit$$00000025  c_w.l(libinit2.o)
    0x080001c6   0x080001c6   0x00000000   Code   RO          586    .ARM.Collect$$libinit$$0000002C  c_w.l(libinit2.o)
    0x080001c6   0x080001c6   0x00000000   Code   RO          588    .ARM.Collect$$libinit$$0000002E  c_w.l(libinit2.o)
    0x080001c6   0x080001c6   0x00000000   Code   RO          590    .ARM.Collect$$libinit$$00000030  c_w.l(libinit2.o)
    0x080001c6   0x080001c6   0x00000000   Code   RO          592    .ARM.Collect$$libinit$$00000032  c_w.l(libinit2.o)
    0x080001c6   0x080001c6   0x00000002   Code   RO          593    .ARM.Collect$$libinit$$00000033  c_w.l(libinit2.o)
    0x080001c8   0x080001c8   0x00000002   Code   RO          621    .ARM.Collect$$libshutdown$$00000000  c_w.l(libshutdown.o)
    0x080001ca   0x080001ca   0x00000000   Code   RO          630    .ARM.Collect$$libshutdown$$00000002  c_w.l(libshutdown2.o)
    0x080001ca   0x080001ca   0x00000000   Code   RO          632    .ARM.Collect$$libshutdown$$00000004  c_w.l(libshutdown2.o)
    0x080001ca   0x080001ca   0x00000000   Code   RO          635    .ARM.Collect$$libshutdown$$00000007  c_w.l(libshutdown2.o)
    0x080001ca   0x080001ca   0x00000000   Code   RO          638    .ARM.Collect$$libshutdown$$0000000A  c_w.l(libshutdown2.o)
    0x080001ca   0x080001ca   0x00000000   Code   RO          640    .ARM.Collect$$libshutdown$$0000000C  c_w.l(libshutdown2.o)
    0x080001ca   0x080001ca   0x00000000   Code   RO          643    .ARM.Collect$$libshutdown$$0000000F  c_w.l(libshutdown2.o)
    0x080001ca   0x080001ca   0x00000002   Code   RO          644    .ARM.Collect$$libshutdown$$00000010  c_w.l(libshutdown2.o)
    0x080001cc   0x080001cc   0x00000000   Code   RO          451    .ARM.Collect$$rtentry$$00000000  c_w.l(__rtentry.o)
    0x080001cc   0x080001cc   0x00000000   Code   RO          471    .ARM.Collect$$rtentry$$00000002  c_w.l(__rtentry2.o)
    0x080001cc   0x080001cc   0x00000006   Code   RO          483    .ARM.Collect$$rtentry$$00000004  c_w.l(__rtentry4.o)
    0x080001d2   0x080001d2   0x00000000   Code   RO          473    .ARM.Collect$$rtentry$$00000009  c_w.l(__rtentry2.o)
    0x080001d2   0x080001d2   0x00000004   Code   RO          474    .ARM.Collect$$rtentry$$0000000A  c_w.l(__rtentry2.o)
    0x080001d6   0x080001d6   0x00000000   Code   RO          476    .ARM.Collect$$rtentry$$0000000C  c_w.l(__rtentry2.o)
    0x080001d6   0x080001d6   0x00000008   Code   RO          477    .ARM.Collect$$rtentry$$0000000D  c_w.l(__rtentry2.o)
    0x080001de   0x080001de   0x00000002   Code   RO          594    .ARM.Collect$$rtexit$$00000000  c_w.l(rtexit.o)
    0x080001e0   0x080001e0   0x00000000   Code   RO          601    .ARM.Collect$$rtexit$$00000002  c_w.l(rtexit2.o)
    0x080001e0   0x080001e0   0x00000004   Code   RO          602    .ARM.Collect$$rtexit$$00000003  c_w.l(rtexit2.o)
    0x080001e4   0x080001e4   0x00000006   Code   RO          603    .ARM.Collect$$rtexit$$00000004  c_w.l(rtexit2.o)
    0x080001ea   0x080001ea   0x00000002   PAD
    0x080001ec   0x080001ec   0x0000040c   Code   RO            1    .text               main.o
    0x080005f8   0x080005f8   0x0000001a   Code   RO          124    .text               stm32f10x_it.o
    0x08000612   0x08000612   0x00000002   PAD
    0x08000614   0x08000614   0x000001e0   Code   RO          165    .text               system_stm32f10x.o
    0x080007f4   0x080007f4   0x000000a4   Code   RO          208    .text               timer.o
    0x08000898   0x08000898   0x000000d4   Code   RO          235    .text               delay.o
    0x0800096c   0x0800096c   0x00000214   Code   RO          266    .text               usart.o
    0x08000b80   0x08000b80   0x00000040   Code   RO          302    .text               startup_stm32f10x_hd.o
    0x08000bc0   0x08000bc0   0x000000dc   Code   RO          306    .text               misc.o
    0x08000c9c   0x08000c9c   0x0000035c   Code   RO          318    .text               stm32f10x_gpio.o
    0x08000ff8   0x08000ff8   0x000003a4   Code   RO          330    .text               stm32f10x_rcc.o
    0x0800139c   0x0800139c   0x00000e1a   Code   RO          344    .text               stm32f10x_tim.o
    0x080021b6   0x080021b6   0x00000002   PAD
    0x080021b8   0x080021b8   0x00000408   Code   RO          356    .text               stm32f10x_usart.o
    0x080025c0   0x080025c0   0x00000002   Code   RO          382    .text               c_w.l(use_no_semi_2.o)
    0x080025c2   0x080025c2   0x00000002   PAD
    0x080025c4   0x080025c4   0x00000018   Code   RO          386    .text               c_w.l(noretval__2printf.o)
    0x080025dc   0x080025dc   0x00000078   Code   RO          390    .text               c_w.l(_printf_dec.o)
    0x08002654   0x08002654   0x0000010e   Code   RO          400    .text               c_w.l(__printf_wp.o)
    0x08002762   0x08002762   0x00000006   Code   RO          415    .text               c_w.l(heapauxi.o)
    0x08002768   0x08002768   0x00000002   Code   RO          449    .text               c_w.l(use_no_semi.o)
    0x0800276a   0x0800276a   0x000000b2   Code   RO          452    .text               c_w.l(_printf_intcommon.o)
    0x0800281c   0x0800281c   0x0000041e   Code   RO          454    .text               c_w.l(_printf_fp_dec.o)
    0x08002c3a   0x08002c3a   0x00000002   PAD
    0x08002c3c   0x08002c3c   0x00000024   Code   RO          456    .text               c_w.l(_printf_char_file.o)
    0x08002c60   0x08002c60   0x00000008   Code   RO          488    .text               c_w.l(rt_locale_intlibspace.o)
    0x08002c68   0x08002c68   0x0000008a   Code   RO          490    .text               c_w.l(lludiv10.o)
    0x08002cf2   0x08002cf2   0x00000002   PAD
    0x08002cf4   0x08002cf4   0x00000030   Code   RO          492    .text               c_w.l(_printf_char_common.o)
    0x08002d24   0x08002d24   0x00000080   Code   RO          494    .text               c_w.l(_printf_fp_infnan.o)
    0x08002da4   0x08002da4   0x000000e4   Code   RO          496    .text               c_w.l(bigflt0.o)
    0x08002e88   0x08002e88   0x00000008   Code   RO          521    .text               c_w.l(ferror.o)
    0x08002e90   0x08002e90   0x00000008   Code   RO          532    .text               c_w.l(libspace.o)
    0x08002e98   0x08002e98   0x0000004a   Code   RO          535    .text               c_w.l(sys_stackheap_outer.o)
    0x08002ee2   0x08002ee2   0x00000012   Code   RO          539    .text               c_w.l(exit.o)
    0x08002ef4   0x08002ef4   0x00000080   Code   RO          541    .text               c_w.l(strcmpv7m.o)
    0x08002f74   0x08002f74   0x0000003e   Code   RO          499    CL$$btod_d2e        c_w.l(btod.o)
    0x08002fb2   0x08002fb2   0x00000046   Code   RO          501    CL$$btod_d2e_denorm_low  c_w.l(btod.o)
    0x08002ff8   0x08002ff8   0x00000060   Code   RO          500    CL$$btod_d2e_norm_op1  c_w.l(btod.o)
    0x08003058   0x08003058   0x00000338   Code   RO          509    CL$$btod_div_common  c_w.l(btod.o)
    0x08003390   0x08003390   0x000000dc   Code   RO          506    CL$$btod_e2e        c_w.l(btod.o)
    0x0800346c   0x0800346c   0x0000002a   Code   RO          503    CL$$btod_ediv       c_w.l(btod.o)
    0x08003496   0x08003496   0x0000002a   Code   RO          502    CL$$btod_emul       c_w.l(btod.o)
    0x080034c0   0x080034c0   0x00000244   Code   RO          508    CL$$btod_mult_common  c_w.l(btod.o)
    0x08003704   0x08003704   0x00000028   Code   RO          530    i.__ARM_fpclassify  m_ws.l(fpclassify.o)
    0x0800372c   0x0800372c   0x0000000e   Code   RO          402    i._is_digit         c_w.l(__printf_wp.o)
    0x0800373a   0x0800373a   0x00000002   PAD
    0x0800373c   0x0800373c   0x0000002c   Code   RO          526    locale$$code        c_w.l(lc_numeric_c.o)
    0x08003768   0x08003768   0x00000062   Code   RO          419    x$fpl$d2f           fz_ws.l(d2f.o)
    0x080037ca   0x080037ca   0x00000002   PAD
    0x080037cc   0x080037cc   0x00000150   Code   RO          421    x$fpl$dadd          fz_ws.l(daddsub_clz.o)
    0x0800391c   0x0800391c   0x000002b0   Code   RO          428    x$fpl$ddiv          fz_ws.l(ddiv.o)
    0x08003bcc   0x08003bcc   0x00000154   Code   RO          431    x$fpl$dmul          fz_ws.l(dmul.o)
    0x08003d20   0x08003d20   0x0000009c   Code   RO          459    x$fpl$dnaninf       fz_ws.l(dnaninf.o)
    0x08003dbc   0x08003dbc   0x0000000c   Code   RO          461    x$fpl$dretinf       fz_ws.l(dretinf.o)
    0x08003dc8   0x08003dc8   0x000001d4   Code   RO          423    x$fpl$dsub          fz_ws.l(daddsub_clz.o)
    0x08003f9c   0x08003f9c   0x00000056   Code   RO          433    x$fpl$f2d           fz_ws.l(f2d.o)
    0x08003ff2   0x08003ff2   0x00000002   PAD
    0x08003ff4   0x08003ff4   0x000000c4   Code   RO          435    x$fpl$fadd          fz_ws.l(faddsub_clz.o)
    0x080040b8   0x080040b8   0x00000018   Code   RO          463    x$fpl$fcmpinf       fz_ws.l(fcmpi.o)
    0x080040d0   0x080040d0   0x00000036   Code   RO          441    x$fpl$ffix          fz_ws.l(ffix.o)
    0x08004106   0x08004106   0x00000002   PAD
    0x08004108   0x08004108   0x00000068   Code   RO          445    x$fpl$fleqf         fz_ws.l(fleqf.o)
    0x08004170   0x08004170   0x0000008c   Code   RO          465    x$fpl$fnaninf       fz_ws.l(fnaninf.o)
    0x080041fc   0x080041fc   0x0000000a   Code   RO          467    x$fpl$fretinf       fz_ws.l(fretinf.o)
    0x08004206   0x08004206   0x00000002   PAD
    0x08004208   0x08004208   0x000000ea   Code   RO          437    x$fpl$fsub          fz_ws.l(faddsub_clz.o)
    0x080042f2   0x080042f2   0x00000004   Code   RO          447    x$fpl$printf1       fz_ws.l(printf1.o)
    0x080042f6   0x080042f6   0x00000000   Code   RO          469    x$fpl$usenofp       fz_ws.l(usenofp.o)
    0x080042f6   0x080042f6   0x00000002   PAD
    0x080042f8   0x080042f8   0x00000094   Data   RO          497    .constdata          c_w.l(bigflt0.o)
    0x0800438c   0x0800438c   0x00000020   Data   RO          669    Region$$Table       anon$$obj.o
    0x080043ac   0x080043ac   0x0000001c   Data   RO          525    locale$$data        c_w.l(lc_numeric_c.o)


    Execution Region RW_IRAM1 (Exec base: 0x20000000, Load base: 0x080043c8, Size: 0x000007c8, Max: 0x00010000, ABSOLUTE)

    Exec Addr    Load Addr    Size         Type   Attr      Idx    E Section Name        Object

    0x20000000   0x080043c8   0x00000014   Data   RW          166    .data               system_stm32f10x.o
    0x20000014   0x080043dc   0x00000004   Data   RW          236    .data               delay.o
    0x20000018   0x080043e0   0x00000009   Data   RW          268    .data               usart.o
    0x20000021   0x080043e9   0x00000014   Data   RW          331    .data               stm32f10x_rcc.o
    0x20000035   0x080043fd   0x00000003   PAD
    0x20000038        -       0x0000012c   Zero   RW          267    .bss                usart.o
    0x20000164        -       0x00000060   Zero   RW          533    .bss                c_w.l(libspace.o)
    0x200001c4   0x080043fd   0x00000004   PAD
    0x200001c8        -       0x00000200   Zero   RW          300    HEAP                startup_stm32f10x_hd.o
    0x200003c8        -       0x00000400   Zero   RW          299    STACK               startup_stm32f10x_hd.o


==============================================================================

Image component sizes


      Code (inc. data)   RO Data    RW Data    ZI Data      Debug   Object Name

       212         18          0          4          0       1059   delay.o
      1036        138          0          0          0     255272   main.o
       220         22          0          0          0       1817   misc.o
        64         26        304          0       1536        796   startup_stm32f10x_hd.o
       860         38          0          0          0       5749   stm32f10x_gpio.o
        26          0          0          0          0       1186   stm32f10x_it.o
       932         36          0         20          0       8932   stm32f10x_rcc.o
      3610         88          0          0          0      22856   stm32f10x_tim.o
      1032         22          0          0          0       8472   stm32f10x_usart.o
         0          0          0          0          0         32   sys.o
       480         38          0         20          0       1763   system_stm32f10x.o
       164         10          0          0          0        764   timer.o
       532         28          0          9        300       3850   usart.o

    ----------------------------------------------------------------------
      9172        464        336         56       1836     312548   Object Totals
         0          0         32          0          0          0   (incl. Generated)
         4          0          0          3          0          0   (incl. Padding)

    ----------------------------------------------------------------------

      Code (inc. data)   RO Data    RW Data    ZI Data      Debug   Library Member Name

         8          0          0          0          0         68   __main.o
       284          0          0          0          0        156   __printf_wp.o
         0          0          0          0          0          0   __rtentry.o
        12          0          0          0          0          0   __rtentry2.o
         6          0          0          0          0          0   __rtentry4.o
        52          8          0          0          0          0   __scatter.o
        26          0          0          0          0          0   __scatter_copy.o
        28          0          0          0          0          0   __scatter_zi.o
        48          6          0          0          0         96   _printf_char_common.o
        36          4          0          0          0         80   _printf_char_file.o
         6          0          0          0          0          0   _printf_d.o
       120         16          0          0          0         92   _printf_dec.o
         6          0          0          0          0          0   _printf_f.o
      1054          0          0          0          0        216   _printf_fp_dec.o
       128         16          0          0          0         84   _printf_fp_infnan.o
       178          0          0          0          0         88   _printf_intcommon.o
         0          0          0          0          0          0   _printf_percent.o
         4          0          0          0          0          0   _printf_percent_end.o
       228          4        148          0          0         96   bigflt0.o
      1936        128          0          0          0        672   btod.o
        18          0          0          0          0         80   exit.o
         8          0          0          0          0         68   ferror.o
         6          0          0          0          0        152   heapauxi.o
        44         10         28          0          0         76   lc_numeric_c.o
         2          0          0          0          0          0   libinit.o
        18          0          0          0          0          0   libinit2.o
         2          0          0          0          0          0   libshutdown.o
         2          0          0          0          0          0   libshutdown2.o
         8          4          0          0         96         68   libspace.o
       138          0          0          0          0         80   lludiv10.o
        24          4          0          0          0         84   noretval__2printf.o
         8          4          0          0          0         68   rt_locale_intlibspace.o
         2          0          0          0          0          0   rtexit.o
        10          0          0          0          0          0   rtexit2.o
       128          0          0          0          0         68   strcmpv7m.o
        74          0          0          0          0         80   sys_stackheap_outer.o
         2          0          0          0          0         68   use_no_semi.o
         2          0          0          0          0         68   use_no_semi_2.o
        98          4          0          0          0         92   d2f.o
       804         16          0          0          0        272   daddsub_clz.o
       688        140          0          0          0        208   ddiv.o
       340         12          0          0          0        104   dmul.o
       156          4          0          0          0         92   dnaninf.o
        12          0          0          0          0         68   dretinf.o
        86          4          0          0          0         84   f2d.o
       430          8          0          0          0        168   faddsub_clz.o
        24          0          0          0          0         68   fcmpi.o
        54          4          0          0          0         84   ffix.o
       104          4          0          0          0         84   fleqf.o
       140          4          0          0          0         84   fnaninf.o
        10          0          0          0          0         68   fretinf.o
         4          0          0          0          0         68   printf1.o
         0          0          0          0          0          0   usenofp.o
        40          0          0          0          0         68   fpclassify.o

    ----------------------------------------------------------------------
      7668        404        176          0        100       4220   Library Totals
        22          0          0          0          4          0   (incl. Padding)

    ----------------------------------------------------------------------

      Code (inc. data)   RO Data    RW Data    ZI Data      Debug   Library Name

      4656        204        176          0         96       2608   c_w.l
      2950        200          0          0          0       1544   fz_ws.l
        40          0          0          0          0         68   m_ws.l

    ----------------------------------------------------------------------
      7668        404        176          0        100       4220   Library Totals

    ----------------------------------------------------------------------

==============================================================================


      Code (inc. data)   RO Data    RW Data    ZI Data      Debug   

     16840        868        512         56       1936     313592   Grand Totals
     16840        868        512         56       1936     313592   ELF Image Totals
     16840        868        512         56          0          0   ROM Totals

==============================================================================

    Total RO  Size (Code + RO Data)                17352 (  16.95kB)
    Total RW  Size (RW Data + ZI Data)              1992 (   1.95kB)
    Total ROM Size (Code + RO Data + RW Data)      17408 (  17.00kB)

==============================================================================

